ARM Linker, 5.03 [Build 24] [MDK-ARM Professional]

==============================================================================

Section Cross References

    main.o(.text) refers to _printf_percent.o(.ARM.Collect$$_printf_percent$$00000000) for _printf_percent
    main.o(.text) refers to _printf_d.o(.ARM.Collect$$_printf_percent$$00000009) for _printf_d
    main.o(.text) refers to _printf_f.o(.ARM.Collect$$_printf_percent$$00000003) for _printf_f
    main.o(.text) refers to _printf_dec.o(.text) for _printf_int_dec
    main.o(.text) refers to printf1.o(x$fpl$printf1) for _printf_fp_dec
    main.o(.text) refers to dfixu.o(x$fpl$dfixu) for __aeabi_d2uiz
    main.o(.text) refers to delay.o(.text) for delay_init
    main.o(.text) refers to sys.o(.text) for NVIC_Configuration
    main.o(.text) refers to usart.o(.text) for uart_init
    main.o(.text) refers to led.o(.text) for LED_Init
    main.o(.text) refers to adc.o(.text) for Adc_Init
    main.o(.text) refers to key.o(.text) for KEY_Init
    main.o(.text) refers to 24l01.o(.text) for NRF24L01_Init
    main.o(.text) refers to noretval__2printf.o(.text) for __2printf
    main.o(.text) refers to dflt_clz.o(x$fpl$dflt) for __aeabi_i2d
    main.o(.text) refers to daddsub_clz.o(x$fpl$dsub) for __aeabi_dsub
    main.o(.text) refers to main.o(.bss) for send_data
    main.o(.text) refers to main.o(.data) for i
    main.o(.text) refers to adc.o(.bss) for Origin_voltage
    system_stm32f10x.o(.text) refers to system_stm32f10x.o(.data) for SystemCoreClock
    led.o(.text) refers to stm32f10x_rcc.o(.text) for RCC_APB2PeriphClockCmd
    led.o(.text) refers to stm32f10x_gpio.o(.text) for GPIO_Init
    key.o(.text) refers to stm32f10x_rcc.o(.text) for RCC_APB2PeriphClockCmd
    key.o(.text) refers to stm32f10x_gpio.o(.text) for GPIO_Init
    key.o(.text) refers to delay.o(.text) for delay_ms
    key.o(.text) refers to key.o(.data) for key_up
    lcd.o(.text) refers to _printf_percent.o(.ARM.Collect$$_printf_percent$$00000000) for _printf_percent
    lcd.o(.text) refers to _printf_x.o(.ARM.Collect$$_printf_percent$$0000000C) for _printf_x
    lcd.o(.text) refers to _printf_hex_int.o(.text) for _printf_longlong_hex
    lcd.o(.text) refers to delay.o(.text) for delay_us
    lcd.o(.text) refers to lcd.o(.bss) for lcddev
    lcd.o(.text) refers to lcd.o(.data) for POINT_COLOR
    lcd.o(.text) refers to stm32f10x_rcc.o(.text) for RCC_AHBPeriphClockCmd
    lcd.o(.text) refers to stm32f10x_gpio.o(.text) for GPIO_Init
    lcd.o(.text) refers to stm32f10x_fsmc.o(.text) for FSMC_NORSRAMInit
    lcd.o(.text) refers to noretval__2printf.o(.text) for __2printf
    lcd.o(.text) refers to lcd.o(.constdata) for asc2_1206
    adc.o(.text) refers to stm32f10x_rcc.o(.text) for RCC_APB2PeriphClockCmd
    adc.o(.text) refers to stm32f10x_gpio.o(.text) for GPIO_Init
    adc.o(.text) refers to stm32f10x_adc.o(.text) for ADC_DeInit
    adc.o(.text) refers to delay.o(.text) for delay_ms
    adc.o(.text) refers to noretval__2printf.o(.text) for __2printf
    adc.o(.text) refers to dflt_clz.o(x$fpl$dfltu) for __aeabi_ui2d
    adc.o(.text) refers to dmul.o(x$fpl$dmul) for __aeabi_dmul
    adc.o(.text) refers to ddiv.o(x$fpl$ddiv) for __aeabi_ddiv
    adc.o(.text) refers to daddsub_clz.o(x$fpl$dadd) for __aeabi_dadd
    adc.o(.text) refers to adc.o(.data) for x
    adc.o(.text) refers to adc.o(.bss) for sum_avg
    24l01.o(.text) refers to stm32f10x_rcc.o(.text) for RCC_APB2PeriphClockCmd
    24l01.o(.text) refers to stm32f10x_gpio.o(.text) for GPIO_Init
    24l01.o(.text) refers to spi.o(.text) for SPI1_Init
    24l01.o(.text) refers to stm32f10x_spi.o(.text) for SPI_Cmd
    24l01.o(.text) refers to delay.o(.text) for delay_us
    24l01.o(.text) refers to 24l01.o(.constdata) for RX_ADDRESS
    spi.o(.text) refers to stm32f10x_spi.o(.text) for SPI_I2S_GetFlagStatus
    spi.o(.text) refers to stm32f10x_rcc.o(.text) for RCC_APB2PeriphClockCmd
    spi.o(.text) refers to stm32f10x_gpio.o(.text) for GPIO_Init
    delay.o(.text) refers to misc.o(.text) for SysTick_CLKSourceConfig
    delay.o(.text) refers to system_stm32f10x.o(.data) for SystemCoreClock
    delay.o(.text) refers to delay.o(.data) for fac_us
    sys.o(.text) refers to misc.o(.text) for NVIC_PriorityGroupConfig
    usart.o(.text) refers (Special) to use_no_semi_2.o(.text) for __use_no_semihosting
    usart.o(.text) refers to stm32f10x_rcc.o(.text) for RCC_APB2PeriphClockCmd
    usart.o(.text) refers to stm32f10x_usart.o(.text) for USART_DeInit
    usart.o(.text) refers to stm32f10x_gpio.o(.text) for GPIO_Init
    usart.o(.text) refers to misc.o(.text) for NVIC_Init
    usart.o(.text) refers to usart.o(.data) for USART_RX_STA
    usart.o(.text) refers to usart.o(.bss) for USART_RX_BUF
    usart.o(.bss) refers (Special) to use_no_semi_2.o(.text) for __use_no_semihosting
    usart.o(.data) refers (Special) to use_no_semi_2.o(.text) for __use_no_semihosting
[...]
    libshutdown.o(.ARM.Collect$$libshutdown$$00000000) refers (Special) to libshutdown2.o(.ARM.Collect$$libshutdown$$0000000B) for __rt_lib_shutdown_user_alloc_1
    rt_raise.o(.text) refers to __raise.o(.text) for __raise
    rt_raise.o(.text) refers to usart.o(.text) for _sys_exit
    defsig_exit.o(.text) refers to usart.o(.text) for _sys_exit
    defsig_rtmem_inner.o(.text) refers to defsig_general.o(.text) for __default_signal_display
    __raise.o(.text) refers to defsig.o(CL$$defsig) for __default_signal_handler
    defsig_general.o(.text) refers to sys_wrch.o(.text) for _ttywrch
    sys_wrch.o(.text) refers (Special) to use_no_semi.o(.text) for __I$use$semihosting
    sys_wrch.o(.text) refers (Special) to indicate_semi.o(.text) for __semihosting_library_function
    defsig.o(CL$$defsig) refers to defsig_rtmem_inner.o(.text) for __rt_SIGRTMEM_inner
    defsig_abrt_inner.o(.text) refers to defsig_general.o(.text) for __default_signal_display
    defsig_fpe_inner.o(.text) refers to defsig_general.o(.text) for __default_signal_display
    defsig_rtred_inner.o(.text) refers to defsig_general.o(.text) for __default_signal_display
    defsig_stak_inner.o(.text) refers to defsig_general.o(.text) for __default_signal_display
    defsig_pvfn_inner.o(.text) refers to defsig_general.o(.text) for __default_signal_display
    defsig_cppl_inner.o(.text) refers to defsig_general.o(.text) for __default_signal_display
    defsig_segv_inner.o(.text) refers to defsig_general.o(.text) for __default_signal_display
    defsig_other.o(.text) refers to defsig_general.o(.text) for __default_signal_display


==============================================================================

Removing Unused input sections from the image.

    Removing lcd.o(.text), (18458 bytes).
    Removing lcd.o(.bss), (14 bytes).
    Removing lcd.o(.constdata), (2660 bytes).
    Removing lcd.o(.data), (4 bytes).
    Removing core_cm3.o(.emb_text), (32 bytes).
    Removing stm32f10x_fsmc.o(.text), (1560 bytes).
    Removing stm32f10x_bkp.o(.text), (196 bytes).
    Removing stm32f10x_can.o(.text), (2536 bytes).
    Removing stm32f10x_cec.o(.text), (288 bytes).
    Removing stm32f10x_crc.o(.text), (72 bytes).
    Removing stm32f10x_dac.o(.text), (396 bytes).
    Removing stm32f10x_dbgmcu.o(.text), (48 bytes).
    Removing stm32f10x_dma.o(.text), (592 bytes).
    Removing stm32f10x_exti.o(.text), (284 bytes).
    Removing stm32f10x_flash.o(.text), (1468 bytes).
    Removing stm32f10x_i2c.o(.text), (1028 bytes).
    Removing stm32f10x_iwdg.o(.text), (64 bytes).
    Removing stm32f10x_pwr.o(.text), (204 bytes).
    Removing stm32f10x_rtc.o(.text), (324 bytes).
    Removing stm32f10x_sdio.o(.text), (472 bytes).
    Removing stm32f10x_tim.o(.text), (3610 bytes).
    Removing stm32f10x_wwdg.o(.text), (136 bytes).

22 unused section(s) (total 34446 bytes) removed from the image.

==============================================================================

Image Symbol Table

    Local Symbols

    Symbol Name                              Value     Ov Type        Size  Object(Section)

    ../clib/angel/boardlib.s                 0x00000000   Number         0  boardinit2.o ABSOLUTE
    ../clib/angel/boardlib.s                 0x00000000   Number         0  boardinit1.o ABSOLUTE
    ../clib/angel/boardlib.s                 0x00000000   Number         0  boardshut.o ABSOLUTE
    ../clib/angel/boardlib.s                 0x00000000   Number         0  boardinit3.o ABSOLUTE
    ../clib/angel/handlers.s                 0x00000000   Number         0  __scatter_zi.o ABSOLUTE
    ../clib/angel/handlers.s                 0x00000000   Number         0  __scatter_copy.o ABSOLUTE
    ../clib/angel/kernel.s                   0x00000000   Number         0  rtentry4.o ABSOLUTE
    ../clib/angel/kernel.s                   0x00000000   Number         0  rtentry.o ABSOLUTE
    ../clib/angel/kernel.s                   0x00000000   Number         0  rtexit2.o ABSOLUTE
    ../clib/angel/kernel.s                   0x00000000   Number         0  rtentry2.o ABSOLUTE
    ../clib/angel/kernel.s                   0x00000000   Number         0  rtexit.o ABSOLUTE
    ../clib/angel/rt.s                       0x00000000   Number         0  rt_locale.o ABSOLUTE
    ../clib/angel/rt.s                       0x00000000   Number         0  rt_locale_intlibspace.o ABSOLUTE
    ../clib/angel/rt.s                       0x00000000   Number         0  rt_raise.o ABSOLUTE
    ../clib/angel/scatter.s                  0x00000000   Number         0  __scatter.o ABSOLUTE
    ../clib/angel/startup.s                  0x00000000   Number         0  __main.o ABSOLUTE
    ../clib/angel/sys.s                      0x00000000   Number         0  use_no_semi.o ABSOLUTE
    ../clib/angel/sys.s                      0x00000000   Number         0  libspace.o ABSOLUTE
    ../clib/angel/sys.s                      0x00000000   Number         0  sys_stackheap_outer.o ABSOLUTE
    ../clib/angel/sys.s                      0x00000000   Number         0  use_no_semi_2.o ABSOLUTE
    ../clib/angel/sys.s                      0x00000000   Number         0  indicate_semi.o ABSOLUTE
    ../clib/angel/sysapp.c                   0x00000000   Number         0  sys_command.o ABSOLUTE
    ../clib/angel/sysapp.c                   0x00000000   Number         0  sys_wrch.o ABSOLUTE
    ../clib/armsys.c                         0x00000000   Number         0  no_argv.o ABSOLUTE
    ../clib/armsys.c                         0x00000000   Number         0  _get_argv_nomalloc.o ABSOLUTE
    ../clib/armsys.c                         0x00000000   Number         0  argv_veneer.o ABSOLUTE
    ../clib/armsys.c                         0x00000000   Number         0  argv_veneer.o ABSOLUTE
    ../clib/bigflt.c                         0x00000000   Number         0  bigflt0.o ABSOLUTE
    ../clib/btod.s                           0x00000000   Number         0  btod.o ABSOLUTE
    ../clib/heapalloc.c                      0x00000000   Number         0  hrguard.o ABSOLUTE
    ../clib/heapaux.c                        0x00000000   Number         0  heapauxi.o ABSOLUTE
    ../clib/libinit.s                        0x00000000   Number         0  libshutdown.o ABSOLUTE
    ../clib/libinit.s                        0x00000000   Number         0  libinit.o ABSOLUTE
    ../clib/libinit.s                        0x00000000   Number         0  libshutdown2.o ABSOLUTE
    ../clib/libinit.s                        0x00000000   Number         0  libinit2.o ABSOLUTE
    ../clib/locale.s                         0x00000000   Number         0  lc_numeric_c.o ABSOLUTE
    ../clib/longlong.s                       0x00000000   Number         0  lludiv10.o ABSOLUTE
    ../clib/memcpset.s                       0x00000000   Number         0  strcmpv7m.o ABSOLUTE
    ../clib/misc.s                           0x00000000   Number         0  printf_stubs.o ABSOLUTE
    ../clib/printf.c                         0x00000000   Number         0  _printf_hex_int_ll_ptr.o ABSOLUTE
    ../clib/printf.c                         0x00000000   Number         0  __printf_flags.o ABSOLUTE
    ../clib/printf.c                         0x00000000   Number         0  __printf_ss.o ABSOLUTE
    ../clib/printf.c                         0x00000000   Number         0  _printf_hex_int_ll.o ABSOLUTE
    ../clib/printf.c                         0x00000000   Number         0  _printf_hex_int.o ABSOLUTE
    ../clib/printf.c                         0x00000000   Number         0  _printf_hex_ll.o ABSOLUTE
    ../clib/printf.c                         0x00000000   Number         0  _printf_hex_int_ptr.o ABSOLUTE
    ../clib/printf.c                         0x00000000   Number         0  __2printf.o ABSOLUTE
    ../clib/printf.c                         0x00000000   Number         0  noretval__2printf.o ABSOLUTE
    ../clib/printf.c                         0x00000000   Number         0  __printf_wp.o ABSOLUTE
    ../clib/printf.c                         0x00000000   Number         0  __printf_flags_ss.o ABSOLUTE
    ../clib/printf.c                         0x00000000   Number         0  __printf_flags_wp.o ABSOLUTE
    ../clib/printf.c                         0x00000000   Number         0  _printf_fp_dec.o ABSOLUTE
    ../clib/printf.c                         0x00000000   Number         0  _printf_char_file.o ABSOLUTE
    ../clib/printf.c                         0x00000000   Number         0  _printf_dec.o ABSOLUTE
    ../clib/printf.c                         0x00000000   Number         0  __printf.o ABSOLUTE
    ../clib/printf.c                         0x00000000   Number         0  _printf_hex_ll_ptr.o ABSOLUTE
    ../clib/printf.c                         0x00000000   Number         0  _printf_intcommon.o ABSOLUTE
    ../clib/printf.c                         0x00000000   Number         0  __printf_ss_wp.o ABSOLUTE
    ../clib/printf.c                         0x00000000   Number         0  _printf_fp_infnan.o ABSOLUTE
    ../clib/printf.c                         0x00000000   Number         0  _printf_char_common.o ABSOLUTE
    ../clib/printf.c                         0x00000000   Number         0  _printf_hex_ptr.o ABSOLUTE
    ../clib/printf.c                         0x00000000   Number         0  __printf_flags_ss_wp.o ABSOLUTE
    ../clib/printf.c                         0x00000000   Number         0  __printf_nopercent.o ABSOLUTE
    ../clib/printf_percent.s                 0x00000000   Number         0  _printf_percent_end.o ABSOLUTE
    ../clib/printf_percent.s                 0x00000000   Number         0  _printf_percent.o ABSOLUTE
    ../clib/printf_percent.s                 0x00000000   Number         0  _printf_x.o ABSOLUTE
    ../clib/printf_percent.s                 0x00000000   Number         0  _printf_d.o ABSOLUTE
    ../clib/printf_percent.s                 0x00000000   Number         0  _printf_f.o ABSOLUTE
    ../clib/signal.c                         0x00000000   Number         0  defsig_other.o ABSOLUTE
    ../clib/signal.c                         0x00000000   Number         0  defsig_segv_inner.o ABSOLUTE
    ../clib/signal.c                         0x00000000   Number         0  defsig_cppl_inner.o ABSOLUTE
    ../clib/signal.c                         0x00000000   Number         0  defsig_pvfn_inner.o ABSOLUTE
    ../clib/signal.c                         0x00000000   Number         0  defsig_stak_inner.o ABSOLUTE
    ../clib/signal.c                         0x00000000   Number         0  defsig_rtred_inner.o ABSOLUTE
    ../clib/signal.c                         0x00000000   Number         0  defsig_fpe_inner.o ABSOLUTE
    ../clib/signal.c                         0x00000000   Number         0  defsig_abrt_inner.o ABSOLUTE
    ../clib/signal.c                         0x00000000   Number         0  defsig_general.o ABSOLUTE
    ../clib/signal.c                         0x00000000   Number         0  defsig_rtmem_inner.o ABSOLUTE
    ../clib/signal.c                         0x00000000   Number         0  defsig_exit.o ABSOLUTE
    ../clib/signal.c                         0x00000000   Number         0  defsig_rtmem_formal.o ABSOLUTE
    ../clib/signal.c                         0x00000000   Number         0  defsig_rtmem_outer.o ABSOLUTE
    ../clib/signal.c                         0x00000000   Number         0  __raise.o ABSOLUTE
    ../clib/signal.s                         0x00000000   Number         0  defsig.o ABSOLUTE
    ../clib/stdio.c                          0x00000000   Number         0  ferror_locked.o ABSOLUTE
    ../clib/stdio.c                          0x00000000   Number         0  ferror.o ABSOLUTE
    ../clib/stdlib.c                         0x00000000   Number         0  exit.o ABSOLUTE
    ../fplib/daddsub.s                       0x00000000   Number         0  daddsub_clz.o ABSOLUTE
    ../fplib/ddiv.s                          0x00000000   Number         0  ddiv.o ABSOLUTE
    ../fplib/dfixu.s                         0x00000000   Number         0  dfixu.o ABSOLUTE
    ../fplib/dflt.s                          0x00000000   Number         0  dflt_clz.o ABSOLUTE
    ../fplib/dmul.s                          0x00000000   Number         0  dmul.o ABSOLUTE
    ../fplib/dnaninf.s                       0x00000000   Number         0  dnaninf.o ABSOLUTE
    ../fplib/dretinf.s                       0x00000000   Number         0  dretinf.o ABSOLUTE
    ../fplib/fpinit.s                        0x00000000   Number         0  fpinit.o ABSOLUTE
    ../fplib/istatus.s                       0x00000000   Number         0  istatus.o ABSOLUTE
    ../fplib/printf1.s                       0x00000000   Number         0  printf1.o ABSOLUTE
    ../fplib/usenofp.s                       0x00000000   Number         0  usenofp.o ABSOLUTE
    ../mathlib/fpclassify.c                  0x00000000   Number         0  fpclassify.o ABSOLUTE
    ..\CORE\core_cm3.c                       0x00000000   Number         0  core_cm3.o ABSOLUTE
    ..\CORE\startup_stm32f10x_hd.s           0x00000000   Number         0  startup_stm32f10x_hd.o ABSOLUTE
    ..\HARDWARE\ADC\adc.c                    0x00000000   Number         0  adc.o ABSOLUTE
    ..\HARDWARE\KEY\key.c                    0x00000000   Number         0  key.o ABSOLUTE
    ..\HARDWARE\LCD\lcd.c                    0x00000000   Number         0  lcd.o ABSOLUTE
    ..\HARDWARE\LED\led.c                    0x00000000   Number         0  led.o ABSOLUTE
    ..\HARDWARE\NRF24L01\24l01.c             0x00000000   Number         0  24l01.o ABSOLUTE
    ..\HARDWARE\SPI\spi.c                    0x00000000   Number         0  spi.o ABSOLUTE
    ..\STM32F10x_FWLib\src\misc.c            0x00000000   Number         0  misc.o ABSOLUTE
    ..\STM32F10x_FWLib\src\stm32f10x_adc.c   0x00000000   Number         0  stm32f10x_adc.o ABSOLUTE
    ..\STM32F10x_FWLib\src\stm32f10x_bkp.c   0x00000000   Number         0  stm32f10x_bkp.o ABSOLUTE
    ..\STM32F10x_FWLib\src\stm32f10x_can.c   0x00000000   Number         0  stm32f10x_can.o ABSOLUTE
    ..\STM32F10x_FWLib\src\stm32f10x_cec.c   0x00000000   Number         0  stm32f10x_cec.o ABSOLUTE
    ..\STM32F10x_FWLib\src\stm32f10x_crc.c   0x00000000   Number         0  stm32f10x_crc.o ABSOLUTE
    ..\STM32F10x_FWLib\src\stm32f10x_dac.c   0x00000000   Number         0  stm32f10x_dac.o ABSOLUTE
    ..\STM32F10x_FWLib\src\stm32f10x_dbgmcu.c 0x00000000   Number         0  stm32f10x_dbgmcu.o ABSOLUTE
    ..\STM32F10x_FWLib\src\stm32f10x_dma.c   0x00000000   Number         0  stm32f10x_dma.o ABSOLUTE
    ..\STM32F10x_FWLib\src\stm32f10x_exti.c  0x00000000   Number         0  stm32f10x_exti.o ABSOLUTE
    ..\STM32F10x_FWLib\src\stm32f10x_flash.c 0x00000000   Number         0  stm32f10x_flash.o ABSOLUTE
    ..\STM32F10x_FWLib\src\stm32f10x_fsmc.c  0x00000000   Number         0  stm32f10x_fsmc.o ABSOLUTE
    ..\STM32F10x_FWLib\src\stm32f10x_gpio.c  0x00000000   Number         0  stm32f10x_gpio.o ABSOLUTE
    ..\STM32F10x_FWLib\src\stm32f10x_i2c.c   0x00000000   Number         0  stm32f10x_i2c.o ABSOLUTE
    ..\STM32F10x_FWLib\src\stm32f10x_iwdg.c  0x00000000   Number         0  stm32f10x_iwdg.o ABSOLUTE
    ..\STM32F10x_FWLib\src\stm32f10x_pwr.c   0x00000000   Number         0  stm32f10x_pwr.o ABSOLUTE
    ..\STM32F10x_FWLib\src\stm32f10x_rcc.c   0x00000000   Number         0  stm32f10x_rcc.o ABSOLUTE
    ..\STM32F10x_FWLib\src\stm32f10x_rtc.c   0x00000000   Number         0  stm32f10x_rtc.o ABSOLUTE
    ..\STM32F10x_FWLib\src\stm32f10x_sdio.c  0x00000000   Number         0  stm32f10x_sdio.o ABSOLUTE
    ..\STM32F10x_FWLib\src\stm32f10x_spi.c   0x00000000   Number         0  stm32f10x_spi.o ABSOLUTE
    ..\STM32F10x_FWLib\src\stm32f10x_tim.c   0x00000000   Number         0  stm32f10x_tim.o ABSOLUTE
    ..\STM32F10x_FWLib\src\stm32f10x_usart.c 0x00000000   Number         0  stm32f10x_usart.o ABSOLUTE
    ..\STM32F10x_FWLib\src\stm32f10x_wwdg.c  0x00000000   Number         0  stm32f10x_wwdg.o ABSOLUTE
    ..\SYSTEM\delay\delay.c                  0x00000000   Number         0  delay.o ABSOLUTE
    ..\SYSTEM\sys\sys.c                      0x00000000   Number         0  sys.o ABSOLUTE
    ..\SYSTEM\usart\usart.c                  0x00000000   Number         0  usart.o ABSOLUTE
    ..\\CORE\\core_cm3.c                     0x00000000   Number         0  core_cm3.o ABSOLUTE
    dc.s                                     0x00000000   Number         0  dc.o ABSOLUTE
    main.c                                   0x00000000   Number         0  main.o ABSOLUTE
    stm32f10x_it.c                           0x00000000   Number         0  stm32f10x_it.o ABSOLUTE
    system_stm32f10x.c                       0x00000000   Number         0  system_stm32f10x.o ABSOLUTE
    RESET                                    0x08000000   Section      304  startup_stm32f10x_hd.o(RESET)
    !!!main                                  0x08000130   Section        8  __main.o(!!!main)
    !!!scatter                               0x08000138   Section       52  __scatter.o(!!!scatter)
    !!handler_copy                           0x0800016c   Section       26  __scatter_copy.o(!!handler_copy)
    !!handler_zi                             0x08000188   Section       28  __scatter_zi.o(!!handler_zi)
    .ARM.Collect$$_printf_percent$$00000000  0x080001a4   Section        0  _printf_percent.o(.ARM.Collect$$_printf_percent$$00000000)
    .ARM.Collect$$_printf_percent$$00000003  0x080001a4   Section        6  _printf_f.o(.ARM.Collect$$_printf_percent$$00000003)
    .ARM.Collect$$_printf_percent$$00000009  0x080001aa   Section        6  _printf_d.o(.ARM.Collect$$_printf_percent$$00000009)
    .ARM.Collect$$_printf_percent$$00000017  0x080001b0   Section        4  _printf_percent_end.o(.ARM.Collect$$_printf_percent$$00000017)
    .ARM.Collect$$libinit$$00000000          0x080001b4   Section        2  libinit.o(.ARM.Collect$$libinit$$00000000)
    .ARM.Collect$$libinit$$00000002          0x080001b6   Section        0  libinit2.o(.ARM.Collect$$libinit$$00000002)
    .ARM.Collect$$libinit$$00000008          0x080001b6   Section        0  libinit2.o(.ARM.Collect$$libinit$$00000008)
    .ARM.Collect$$libinit$$0000000A          0x080001b6   Section        0  libinit2.o(.ARM.Collect$$libinit$$0000000A)
    .ARM.Collect$$libinit$$0000000C          0x080001b6   Section        0  libinit2.o(.ARM.Collect$$libinit$$0000000C)
    .ARM.Collect$$libinit$$0000000D          0x080001b6   Section        6  libinit2.o(.ARM.Collect$$libinit$$0000000D)
    .ARM.Collect$$libinit$$0000000F          0x080001bc   Section        0  libinit2.o(.ARM.Collect$$libinit$$0000000F)
    .ARM.Collect$$libinit$$00000011          0x080001bc   Section        0  libinit2.o(.ARM.Collect$$libinit$$00000011)
    .ARM.Collect$$libinit$$00000013          0x080001bc   Section        0  libinit2.o(.ARM.Collect$$libinit$$00000013)
    .ARM.Collect$$libinit$$00000014          0x080001bc   Section       10  libinit2.o(.ARM.Collect$$libinit$$00000014)
    .ARM.Collect$$libinit$$00000015          0x080001c6   Section        0  libinit2.o(.ARM.Collect$$libinit$$00000015)
    .ARM.Collect$$libinit$$00000017          0x080001c6   Section        0  libinit2.o(.ARM.Collect$$libinit$$00000017)
    .ARM.Collect$$libinit$$00000019          0x080001c6   Section        0  libinit2.o(.ARM.Collect$$libinit$$00000019)
    .ARM.Collect$$libinit$$0000001B          0x080001c6   Section        0  libinit2.o(.ARM.Collect$$libinit$$0000001B)
    .ARM.Collect$$libinit$$0000001D          0x080001c6   Section        0  libinit2.o(.ARM.Collect$$libinit$$0000001D)
    .ARM.Collect$$libinit$$0000001F          0x080001c6   Section        0  libinit2.o(.ARM.Collect$$libinit$$0000001F)
    .ARM.Collect$$libinit$$00000021          0x080001c6   Section        0  libinit2.o(.ARM.Collect$$libinit$$00000021)
    .ARM.Collect$$libinit$$00000023          0x080001c6   Section        0  libinit2.o(.ARM.Collect$$libinit$$00000023)
    .ARM.Collect$$libinit$$0000002A          0x080001c6   Section        0  libinit2.o(.ARM.Collect$$libinit$$0000002A)
    .ARM.Collect$$libinit$$0000002C          0x080001c6   Section        0  libinit2.o(.ARM.Collect$$libinit$$0000002C)
    .ARM.Collect$$libinit$$0000002E          0x080001c6   Section        0  libinit2.o(.ARM.Collect$$libinit$$0000002E)
    .ARM.Collect$$libinit$$00000030          0x080001c6   Section        0  libinit2.o(.ARM.Collect$$libinit$$00000030)
    .ARM.Collect$$libinit$$00000031          0x080001c6   Section        2  libinit2.o(.ARM.Collect$$libinit$$00000031)
    .ARM.Collect$$libshutdown$$00000000      0x080001c8   Section        2  libshutdown.o(.ARM.Collect$$libshutdown$$00000000)
    .ARM.Collect$$libshutdown$$00000003      0x080001ca   Section        0  libshutdown2.o(.ARM.Collect$$libshutdown$$00000003)
    .ARM.Collect$$libshutdown$$00000006      0x080001ca   Section        0  libshutdown2.o(.ARM.Collect$$libshutdown$$00000006)
    .ARM.Collect$$libshutdown$$00000009      0x080001ca   Section        0  libshutdown2.o(.ARM.Collect$$libshutdown$$00000009)
    .ARM.Collect$$libshutdown$$0000000B      0x080001ca   Section        0  libshutdown2.o(.ARM.Collect$$libshutdown$$0000000B)
    .ARM.Collect$$libshutdown$$0000000E      0x080001ca   Section        0  libshutdown2.o(.ARM.Collect$$libshutdown$$0000000E)
    .ARM.Collect$$libshutdown$$0000000F      0x080001ca   Section        2  libshutdown2.o(.ARM.Collect$$libshutdown$$0000000F)
    .ARM.Collect$$rtentry$$00000000          0x080001cc   Section        0  rtentry.o(.ARM.Collect$$rtentry$$00000000)
    .ARM.Collect$$rtentry$$00000002          0x080001cc   Section        0  rtentry2.o(.ARM.Collect$$rtentry$$00000002)
    .ARM.Collect$$rtentry$$00000004          0x080001cc   Section        6  rtentry4.o(.ARM.Collect$$rtentry$$00000004)
    .ARM.Collect$$rtentry$$00000009          0x080001d2   Section        0  rtentry2.o(.ARM.Collect$$rtentry$$00000009)
    .ARM.Collect$$rtentry$$0000000A          0x080001d2   Section        4  rtentry2.o(.ARM.Collect$$rtentry$$0000000A)
    .ARM.Collect$$rtentry$$0000000C          0x080001d6   Section        0  rtentry2.o(.ARM.Collect$$rtentry$$0000000C)
    .ARM.Collect$$rtentry$$0000000D          0x080001d6   Section        8  rtentry2.o(.ARM.Collect$$rtentry$$0000000D)
    .ARM.Collect$$rtexit$$00000000           0x080001de   Section        2  rtexit.o(.ARM.Collect$$rtexit$$00000000)
    .ARM.Collect$$rtexit$$00000002           0x080001e0   Section        0  rtexit2.o(.ARM.Collect$$rtexit$$00000002)
    .ARM.Collect$$rtexit$$00000003           0x080001e0   Section        4  rtexit2.o(.ARM.Collect$$rtexit$$00000003)
    .ARM.Collect$$rtexit$$00000004           0x080001e4   Section        6  rtexit2.o(.ARM.Collect$$rtexit$$00000004)
    .text                                    0x080001ec   Section        0  main.o(.text)
    .text                                    0x08000424   Section        0  stm32f10x_it.o(.text)
    .text                                    0x08000440   Section        0  system_stm32f10x.o(.text)
    SetSysClockTo72                          0x08000441   Thumb Code   212  system_stm32f10x.o(.text)
    SetSysClock                              0x08000515   Thumb Code     8  system_stm32f10x.o(.text)
    .text                                    0x0800061c   Section        0  led.o(.text)
    .text                                    0x08000668   Section        0  key.o(.text)
    .text                                    0x08000764   Section        0  adc.o(.text)
    .text                                    0x08000af4   Section        0  24l01.o(.text)
    .text                                    0x08000e10   Section        0  spi.o(.text)
    .text                                    0x08000f0c   Section        0  delay.o(.text)
    .text                                    0x08000fdc   Section        0  sys.o(.text)
    .text                                    0x08000fe8   Section        0  usart.o(.text)
    .text                                    0x0800112c   Section       64  startup_stm32f10x_hd.o(.text)
    .text                                    0x0800116c   Section        0  misc.o(.text)
    .text                                    0x08001248   Section        0  stm32f10x_adc.o(.text)
    .text                                    0x08001698   Section        0  stm32f10x_gpio.o(.text)
    .text                                    0x080019f0   Section        0  stm32f10x_rcc.o(.text)
    .text                                    0x08001d94   Section        0  stm32f10x_usart.o(.text)
    .text                                    0x0800219c   Section        0  stm32f10x_spi.o(.text)
    .text                                    0x080024a8   Section        2  use_no_semi_2.o(.text)
    .text                                    0x080024ac   Section        0  noretval__2printf.o(.text)
    .text                                    0x080024c4   Section        0  _printf_dec.o(.text)
    .text                                    0x0800253c   Section        0  __printf_wp.o(.text)
    .text                                    0x0800264a   Section        0  heapauxi.o(.text)
    .text                                    0x08002650   Section        2  use_no_semi.o(.text)
    .text                                    0x08002652   Section        0  _printf_intcommon.o(.text)
    .text                                    0x0800270a   Section        0  _printf_fp_dec.o(.text)
    _fp_digits                               0x0800270d   Thumb Code   426  _printf_fp_dec.o(.text)
    .text                                    0x08002b2c   Section        0  _printf_char_file.o(.text)
    .text                                    0x08002b50   Section        8  rt_locale_intlibspace.o(.text)
    .text                                    0x08002b58   Section      138  lludiv10.o(.text)
    .text                                    0x08002be4   Section        0  _printf_char_common.o(.text)
    _printf_input_char                       0x08002be5   Thumb Code    10  _printf_char_common.o(.text)
    .text                                    0x08002c14   Section        0  _printf_fp_infnan.o(.text)
    .text                                    0x08002c94   Section        0  bigflt0.o(.text)
    .text                                    0x08002d78   Section        0  ferror.o(.text)
    .text                                    0x08002d80   Section        8  libspace.o(.text)
    .text                                    0x08002d88   Section       74  sys_stackheap_outer.o(.text)
    .text                                    0x08002dd2   Section        0  exit.o(.text)
    .text                                    0x08002de0   Section      128  strcmpv7m.o(.text)
    CL$$btod_d2e                             0x08002e60   Section       62  btod.o(CL$$btod_d2e)
    CL$$btod_d2e_denorm_low                  0x08002e9e   Section       70  btod.o(CL$$btod_d2e_denorm_low)
    CL$$btod_d2e_norm_op1                    0x08002ee4   Section       96  btod.o(CL$$btod_d2e_norm_op1)
    CL$$btod_div_common                      0x08002f44   Section      824  btod.o(CL$$btod_div_common)
    CL$$btod_e2e                             0x0800327c   Section      198  btod.o(CL$$btod_e2e)
    CL$$btod_ediv                            0x08003342   Section       40  btod.o(CL$$btod_ediv)
    CL$$btod_emul                            0x0800336a   Section       40  btod.o(CL$$btod_emul)
    CL$$btod_mult_common                     0x08003392   Section      580  btod.o(CL$$btod_mult_common)
    i.__ARM_fpclassify                       0x080035d6   Section        0  fpclassify.o(i.__ARM_fpclassify)
    i._is_digit                              0x080035fe   Section        0  __printf_wp.o(i._is_digit)
    locale$$code                             0x0800360c   Section       44  lc_numeric_c.o(locale$$code)
    x$fpl$dadd                               0x08003638   Section      336  daddsub_clz.o(x$fpl$dadd)
    _dadd1                                   0x08003649   Thumb Code     0  daddsub_clz.o(x$fpl$dadd)
    x$fpl$ddiv                               0x08003788   Section      688  ddiv.o(x$fpl$ddiv)
    ddiv_entry                               0x0800378f   Thumb Code     0  ddiv.o(x$fpl$ddiv)
    x$fpl$dfixu                              0x08003a38   Section       90  dfixu.o(x$fpl$dfixu)
    x$fpl$dflt                               0x08003a92   Section       46  dflt_clz.o(x$fpl$dflt)
    x$fpl$dfltu                              0x08003ac0   Section       38  dflt_clz.o(x$fpl$dfltu)
    x$fpl$dmul                               0x08003ae8   Section      340  dmul.o(x$fpl$dmul)
    x$fpl$dnaninf                            0x08003c3c   Section      156  dnaninf.o(x$fpl$dnaninf)
    x$fpl$dretinf                            0x08003cd8   Section       12  dretinf.o(x$fpl$dretinf)
    x$fpl$dsub                               0x08003ce4   Section      468  daddsub_clz.o(x$fpl$dsub)
    _dsub1                                   0x08003cf5   Thumb Code     0  daddsub_clz.o(x$fpl$dsub)
    x$fpl$printf1                            0x08003eb8   Section        4  printf1.o(x$fpl$printf1)
    .constdata                               0x08003ebc   Section       10  24l01.o(.constdata)
    x$fpl$usenofp                            0x08003ebc   Section        0  usenofp.o(x$fpl$usenofp)
    .constdata                               0x08003ec8   Section      148  bigflt0.o(.constdata)
    tenpwrs_x                                0x08003ec8   Data          60  bigflt0.o(.constdata)
    tenpwrs_i                                0x08003f04   Data          64  bigflt0.o(.constdata)
    locale$$data                             0x08003f7c   Section       28  lc_numeric_c.o(locale$$data)
    __lcnum_c_name                           0x08003f80   Data           2  lc_numeric_c.o(locale$$data)
    __lcnum_c_start                          0x08003f88   Data           0  lc_numeric_c.o(locale$$data)
    __lcnum_c_point                          0x08003f94   Data           0  lc_numeric_c.o(locale$$data)
    __lcnum_c_thousands                      0x08003f96   Data           0  lc_numeric_c.o(locale$$data)
    __lcnum_c_grouping                       0x08003f97   Data           0  lc_numeric_c.o(locale$$data)
    __lcnum_c_end                            0x08003f98   Data           0  lc_numeric_c.o(locale$$data)
    .data                                    0x20000000   Section       12  main.o(.data)
    .data                                    0x2000000c   Section       20  system_stm32f10x.o(.data)
    .data                                    0x20000020   Section        1  key.o(.data)
    key_up                                   0x20000020   Data           1  key.o(.data)
    .data                                    0x20000022   Section       10  adc.o(.data)
    x                                        0x20000022   Data           1  adc.o(.data)
    m                                        0x20000023   Data           1  adc.o(.data)
    .data                                    0x2000002c   Section        4  delay.o(.data)
    fac_us                                   0x2000002c   Data           1  delay.o(.data)
    fac_ms                                   0x2000002e   Data           2  delay.o(.data)
    .data                                    0x20000030   Section        8  usart.o(.data)
    .data                                    0x20000038   Section       20  stm32f10x_rcc.o(.data)
    APBAHBPrescTable                         0x20000038   Data          16  stm32f10x_rcc.o(.data)
    ADCPrescTable                            0x20000048   Data           4  stm32f10x_rcc.o(.data)
    .bss                                     0x20000050   Section       52  main.o(.bss)
    .bss                                     0x20000088   Section       64  adc.o(.bss)
    sum_avg                                  0x20000088   Data          32  adc.o(.bss)
    .bss                                     0x200000c8   Section      200  usart.o(.bss)
    .bss                                     0x20000190   Section       96  libspace.o(.bss)
    HEAP                                     0x200001f0   Section      512  startup_stm32f10x_hd.o(HEAP)
    Heap_Mem                                 0x200001f0   Data         512  startup_stm32f10x_hd.o(HEAP)
    STACK                                    0x200003f0   Section     1024  startup_stm32f10x_hd.o(STACK)
    Stack_Mem                                0x200003f0   Data        1024  startup_stm32f10x_hd.o(STACK)
    __initial_sp                             0x200007f0   Data           0  startup_stm32f10x_hd.o(STACK)

    Global Symbols

    Symbol Name                              Value     Ov Type        Size  Object(Section)

    BuildAttributes$$THM_ISAv4$P$D$K$B$S$PE$A:L22UL41UL21$X:L11$S22US41US21$IEEE1$IW$USESV6$~STKCKD$USESV7$~SHL$OTIME$ROPI$IEEEJ$EBA8$UX$STANDARDLIB$REQ8$PRES8$EABIv2 0x00000000   Number         0  anon$$obj.o ABSOLUTE
    __ARM_use_no_argv                        0x00000000   Number         0  main.o ABSOLUTE
    _printf_flags                            0x00000000   Number         0  printf_stubs.o ABSOLUTE
    _printf_return_value                     0x00000000   Number         0  printf_stubs.o ABSOLUTE
    _printf_sizespec                         0x00000000   Number         0  printf_stubs.o ABSOLUTE
    _printf_widthprec                        0x00000000   Number         0  printf_stubs.o ABSOLUTE
    __ARM_exceptions_init                     - Undefined Weak Reference
    __alloca_initialize                       - Undefined Weak Reference
    __cpp_initialize__aeabi_                  - Undefined Weak Reference
    __cxa_finalize                            - Undefined Weak Reference
    __sigvec_lookup                           - Undefined Weak Reference
    _atexit_init                              - Undefined Weak Reference
    _call_atexit_fns                          - Undefined Weak Reference
    _clock_init                               - Undefined Weak Reference
    _fp_trap_init                             - Undefined Weak Reference
    _fp_trap_shutdown                         - Undefined Weak Reference
    _get_lc_collate                           - Undefined Weak Reference
    _get_lc_ctype                             - Undefined Weak Reference
    _get_lc_monetary                          - Undefined Weak Reference
    _get_lc_time                              - Undefined Weak Reference
    _getenv_init                              - Undefined Weak Reference
    _handle_redirection                       - Undefined Weak Reference
    _init_alloc                               - Undefined Weak Reference
    _init_user_alloc                          - Undefined Weak Reference
    _initio                                   - Undefined Weak Reference
    _mutex_acquire                            - Undefined Weak Reference
    _mutex_release                            - Undefined Weak Reference
    _printf_post_padding                      - Undefined Weak Reference
    _printf_pre_padding                       - Undefined Weak Reference
    _printf_truncate_signed                   - Undefined Weak Reference
    _printf_truncate_unsigned                 - Undefined Weak Reference
    _rand_init                                - Undefined Weak Reference
    _signal_finish                            - Undefined Weak Reference
    _signal_init                              - Undefined Weak Reference
    _terminate_alloc                          - Undefined Weak Reference
    _terminate_user_alloc                     - Undefined Weak Reference
    _terminateio                              - Undefined Weak Reference
    __Vectors_Size                           0x00000130   Number         0  startup_stm32f10x_hd.o ABSOLUTE
    __Vectors                                0x08000000   Data           4  startup_stm32f10x_hd.o(RESET)
    __Vectors_End                            0x08000130   Data           0  startup_stm32f10x_hd.o(RESET)
    __main                                   0x08000131   Thumb Code     8  __main.o(!!!main)
    __scatterload                            0x08000139   Thumb Code     0  __scatter.o(!!!scatter)
    __scatterload_rt2                        0x08000139   Thumb Code    44  __scatter.o(!!!scatter)
    __scatterload_rt2_thumb_only             0x08000139   Thumb Code     0  __scatter.o(!!!scatter)
    __scatterload_null                       0x08000147   Thumb Code     0  __scatter.o(!!!scatter)
    __scatterload_copy                       0x0800016d   Thumb Code    26  __scatter_copy.o(!!handler_copy)
    __scatterload_zeroinit                   0x08000189   Thumb Code    28  __scatter_zi.o(!!handler_zi)
    _printf_f                                0x080001a5   Thumb Code     0  _printf_f.o(.ARM.Collect$$_printf_percent$$00000003)
    _printf_percent                          0x080001a5   Thumb Code     0  _printf_percent.o(.ARM.Collect$$_printf_percent$$00000000)
    _printf_d                                0x080001ab   Thumb Code     0  _printf_d.o(.ARM.Collect$$_printf_percent$$00000009)
    _printf_percent_end                      0x080001b1   Thumb Code     0  _printf_percent_end.o(.ARM.Collect$$_printf_percent$$00000017)
    __rt_lib_init                            0x080001b5   Thumb Code     0  libinit.o(.ARM.Collect$$libinit$$00000000)
    __rt_lib_init_fp_1                       0x080001b7   Thumb Code     0  libinit2.o(.ARM.Collect$$libinit$$00000002)
    __rt_lib_init_heap_1                     0x080001b7   Thumb Code     0  libinit2.o(.ARM.Collect$$libinit$$00000008)
    __rt_lib_init_lc_common                  0x080001b7   Thumb Code     0  libinit2.o(.ARM.Collect$$libinit$$0000000D)
    __rt_lib_init_rand_1                     0x080001b7   Thumb Code     0  libinit2.o(.ARM.Collect$$libinit$$0000000C)
    __rt_lib_init_user_alloc_1               0x080001b7   Thumb Code     0  libinit2.o(.ARM.Collect$$libinit$$0000000A)
    __rt_lib_init_lc_collate_1               0x080001bd   Thumb Code     0  libinit2.o(.ARM.Collect$$libinit$$0000000F)
    __rt_lib_init_lc_ctype_1                 0x080001bd   Thumb Code     0  libinit2.o(.ARM.Collect$$libinit$$00000011)
    __rt_lib_init_lc_monetary_1              0x080001bd   Thumb Code     0  libinit2.o(.ARM.Collect$$libinit$$00000013)
    __rt_lib_init_lc_numeric_2               0x080001bd   Thumb Code     0  libinit2.o(.ARM.Collect$$libinit$$00000014)
    __rt_lib_init_alloca_1                   0x080001c7   Thumb Code     0  libinit2.o(.ARM.Collect$$libinit$$0000002C)
    __rt_lib_init_argv_1                     0x080001c7   Thumb Code     0  libinit2.o(.ARM.Collect$$libinit$$0000002A)
    __rt_lib_init_atexit_1                   0x080001c7   Thumb Code     0  libinit2.o(.ARM.Collect$$libinit$$00000019)
    __rt_lib_init_clock_1                    0x080001c7   Thumb Code     0  libinit2.o(.ARM.Collect$$libinit$$0000001F)
    __rt_lib_init_cpp_1                      0x080001c7   Thumb Code     0  libinit2.o(.ARM.Collect$$libinit$$00000030)
    __rt_lib_init_exceptions_1               0x080001c7   Thumb Code     0  libinit2.o(.ARM.Collect$$libinit$$0000002E)
    __rt_lib_init_fp_trap_1                  0x080001c7   Thumb Code     0  libinit2.o(.ARM.Collect$$libinit$$0000001D)
    __rt_lib_init_getenv_1                   0x080001c7   Thumb Code     0  libinit2.o(.ARM.Collect$$libinit$$00000021)
    __rt_lib_init_lc_numeric_1               0x080001c7   Thumb Code     0  libinit2.o(.ARM.Collect$$libinit$$00000015)
    __rt_lib_init_lc_time_1                  0x080001c7   Thumb Code     0  libinit2.o(.ARM.Collect$$libinit$$00000017)
    __rt_lib_init_return                     0x080001c7   Thumb Code     0  libinit2.o(.ARM.Collect$$libinit$$00000031)
    __rt_lib_init_signal_1                   0x080001c7   Thumb Code     0  libinit2.o(.ARM.Collect$$libinit$$0000001B)
    __rt_lib_init_stdio_1                    0x080001c7   Thumb Code     0  libinit2.o(.ARM.Collect$$libinit$$00000023)
    __rt_lib_shutdown                        0x080001c9   Thumb Code     0  libshutdown.o(.ARM.Collect$$libshutdown$$00000000)
    __rt_lib_shutdown_fp_trap_1              0x080001cb   Thumb Code     0  libshutdown2.o(.ARM.Collect$$libshutdown$$00000006)
    __rt_lib_shutdown_heap_1                 0x080001cb   Thumb Code     0  libshutdown2.o(.ARM.Collect$$libshutdown$$0000000E)
    __rt_lib_shutdown_return                 0x080001cb   Thumb Code     0  libshutdown2.o(.ARM.Collect$$libshutdown$$0000000F)
    __rt_lib_shutdown_signal_1               0x080001cb   Thumb Code     0  libshutdown2.o(.ARM.Collect$$libshutdown$$00000009)
    __rt_lib_shutdown_stdio_1                0x080001cb   Thumb Code     0  libshutdown2.o(.ARM.Collect$$libshutdown$$00000003)
    __rt_lib_shutdown_user_alloc_1           0x080001cb   Thumb Code     0  libshutdown2.o(.ARM.Collect$$libshutdown$$0000000B)
    __rt_entry                               0x080001cd   Thumb Code     0  rtentry.o(.ARM.Collect$$rtentry$$00000000)
    __rt_entry_presh_1                       0x080001cd   Thumb Code     0  rtentry2.o(.ARM.Collect$$rtentry$$00000002)
    __rt_entry_sh                            0x080001cd   Thumb Code     0  rtentry4.o(.ARM.Collect$$rtentry$$00000004)
    __rt_entry_li                            0x080001d3   Thumb Code     0  rtentry2.o(.ARM.Collect$$rtentry$$0000000A)
    __rt_entry_postsh_1                      0x080001d3   Thumb Code     0  rtentry2.o(.ARM.Collect$$rtentry$$00000009)
    __rt_entry_main                          0x080001d7   Thumb Code     0  rtentry2.o(.ARM.Collect$$rtentry$$0000000D)
    __rt_entry_postli_1                      0x080001d7   Thumb Code     0  rtentry2.o(.ARM.Collect$$rtentry$$0000000C)
    __rt_exit                                0x080001df   Thumb Code     0  rtexit.o(.ARM.Collect$$rtexit$$00000000)
    __rt_exit_ls                             0x080001e1   Thumb Code     0  rtexit2.o(.ARM.Collect$$rtexit$$00000003)
    __rt_exit_prels_1                        0x080001e1   Thumb Code     0  rtexit2.o(.ARM.Collect$$rtexit$$00000002)
    __rt_exit_exit                           0x080001e5   Thumb Code     0  rtexit2.o(.ARM.Collect$$rtexit$$00000004)
    deal_data                                0x080001ed   Thumb Code   214  main.o(.text)
    main                                     0x080002c3   Thumb Code   290  main.o(.text)
    NMI_Handler                              0x08000425   Thumb Code     2  stm32f10x_it.o(.text)
    HardFault_Handler                        0x08000427   Thumb Code     4  stm32f10x_it.o(.text)
    MemManage_Handler                        0x0800042b   Thumb Code     4  stm32f10x_it.o(.text)
    BusFault_Handler                         0x0800042f   Thumb Code     4  stm32f10x_it.o(.text)
    UsageFault_Handler                       0x08000433   Thumb Code     4  stm32f10x_it.o(.text)
    SVC_Handler                              0x08000437   Thumb Code     2  stm32f10x_it.o(.text)
    DebugMon_Handler                         0x08000439   Thumb Code     2  stm32f10x_it.o(.text)
    PendSV_Handler                           0x0800043b   Thumb Code     2  stm32f10x_it.o(.text)
    SysTick_Handler                          0x0800043d   Thumb Code     2  stm32f10x_it.o(.text)
    SystemInit                               0x0800051d   Thumb Code    78  system_stm32f10x.o(.text)
    SystemCoreClockUpdate                    0x0800056b   Thumb Code   142  system_stm32f10x.o(.text)
    LED_Init                                 0x0800061d   Thumb Code    68  led.o(.text)
    KEY_Init                                 0x08000669   Thumb Code    52  key.o(.text)
    KEY_Scan                                 0x0800069d   Thumb Code   188  key.o(.text)
    Adc_Init                                 0x08000765   Thumb Code   208  adc.o(.text)
    Get_Adc                                  0x08000835   Thumb Code    64  adc.o(.text)
    Filter                                   0x08000875   Thumb Code   164  adc.o(.text)
    Origin_Find                              0x08000919   Thumb Code   414  adc.o(.text)
    NRF24L01_Init                            0x08000af5   Thumb Code   174  24l01.o(.text)
    NRF24L01_Read_Buf                        0x08000ba3   Thumb Code    56  24l01.o(.text)
    NRF24L01_Write_Buf                       0x08000bdb   Thumb Code    56  24l01.o(.text)
    NRF24L01_Check                           0x08000c13   Thumb Code    72  24l01.o(.text)
    NRF24L01_Write_Reg                       0x08000c5b   Thumb Code    38  24l01.o(.text)
    NRF24L01_Read_Reg                        0x08000c81   Thumb Code    36  24l01.o(.text)
    NRF24L01_TxPacket                        0x08000ca5   Thumb Code    98  24l01.o(.text)
    NRF24L01_RxPacket                        0x08000d07   Thumb Code    42  24l01.o(.text)
    NRF24L01_RX_Mode                         0x08000d31   Thumb Code    86  24l01.o(.text)
    NRF24L01_TX_Mode                         0x08000d87   Thumb Code    90  24l01.o(.text)
    SPI1_ReadWriteByte                       0x08000e11   Thumb Code    78  spi.o(.text)
    SPI1_Init                                0x08000e5f   Thumb Code   130  spi.o(.text)
    SPI1_SetSpeed                            0x08000ee1   Thumb Code    36  spi.o(.text)
    delay_init                               0x08000f0d   Thumb Code    50  delay.o(.text)
    delay_us                                 0x08000f3f   Thumb Code    70  delay.o(.text)
    delay_ms                                 0x08000f85   Thumb Code    70  delay.o(.text)
    NVIC_Configuration                       0x08000fdd   Thumb Code    12  sys.o(.text)
    _sys_exit                                0x08000fe9   Thumb Code     6  usart.o(.text)
    fputc                                    0x08000fef   Thumb Code    22  usart.o(.text)
    uart_init                                0x08001005   Thumb Code   158  usart.o(.text)
    USART1_IRQHandler                        0x080010a3   Thumb Code   122  usart.o(.text)
    Reset_Handler                            0x0800112d   Thumb Code     8  startup_stm32f10x_hd.o(.text)
    ADC1_2_IRQHandler                        0x08001147   Thumb Code     0  startup_stm32f10x_hd.o(.text)
    ADC3_IRQHandler                          0x08001147   Thumb Code     0  startup_stm32f10x_hd.o(.text)
    CAN1_RX1_IRQHandler                      0x08001147   Thumb Code     0  startup_stm32f10x_hd.o(.text)
    CAN1_SCE_IRQHandler                      0x08001147   Thumb Code     0  startup_stm32f10x_hd.o(.text)
    DMA1_Channel1_IRQHandler                 0x08001147   Thumb Code     0  startup_stm32f10x_hd.o(.text)
    DMA1_Channel2_IRQHandler                 0x08001147   Thumb Code     0  startup_stm32f10x_hd.o(.text)
    DMA1_Channel3_IRQHandler                 0x08001147   Thumb Code     0  startup_stm32f10x_hd.o(.text)
    DMA1_Channel4_IRQHandler                 0x08001147   Thumb Code     0  startup_stm32f10x_hd.o(.text)
    DMA1_Channel5_IRQHandler                 0x08001147   Thumb Code     0  startup_stm32f10x_hd.o(.text)
    DMA1_Channel6_IRQHandler                 0x08001147   Thumb Code     0  startup_stm32f10x_hd.o(.text)
    DMA1_Channel7_IRQHandler                 0x08001147   Thumb Code     0  startup_stm32f10x_hd.o(.text)
    DMA2_Channel1_IRQHandler                 0x08001147   Thumb Code     0  startup_stm32f10x_hd.o(.text)
    DMA2_Channel2_IRQHandler                 0x08001147   Thumb Code     0  startup_stm32f10x_hd.o(.text)
    DMA2_Channel3_IRQHandler                 0x08001147   Thumb Code     0  startup_stm32f10x_hd.o(.text)
    DMA2_Channel4_5_IRQHandler               0x08001147   Thumb Code     0  startup_stm32f10x_hd.o(.text)
    EXTI0_IRQHandler                         0x08001147   Thumb Code     0  startup_stm32f10x_hd.o(.text)
    EXTI15_10_IRQHandler                     0x08001147   Thumb Code     0  startup_stm32f10x_hd.o(.text)
    EXTI1_IRQHandler                         0x08001147   Thumb Code     0  startup_stm32f10x_hd.o(.text)
    EXTI2_IRQHandler                         0x08001147   Thumb Code     0  startup_stm32f10x_hd.o(.text)
    EXTI3_IRQHandler                         0x08001147   Thumb Code     0  startup_stm32f10x_hd.o(.text)
    EXTI4_IRQHandler                         0x08001147   Thumb Code     0  startup_stm32f10x_hd.o(.text)
    EXTI9_5_IRQHandler                       0x08001147   Thumb Code     0  startup_stm32f10x_hd.o(.text)
    FLASH_IRQHandler                         0x08001147   Thumb Code     0  startup_stm32f10x_hd.o(.text)
    FSMC_IRQHandler                          0x08001147   Thumb Code     0  startup_stm32f10x_hd.o(.text)
    I2C1_ER_IRQHandler                       0x08001147   Thumb Code     0  startup_stm32f10x_hd.o(.text)
    I2C1_EV_IRQHandler                       0x08001147   Thumb Code     0  startup_stm32f10x_hd.o(.text)
    I2C2_ER_IRQHandler                       0x08001147   Thumb Code     0  startup_stm32f10x_hd.o(.text)
    I2C2_EV_IRQHandler                       0x08001147   Thumb Code     0  startup_stm32f10x_hd.o(.text)
    PVD_IRQHandler                           0x08001147   Thumb Code     0  startup_stm32f10x_hd.o(.text)
    RCC_IRQHandler                           0x08001147   Thumb Code     0  startup_stm32f10x_hd.o(.text)
    RTCAlarm_IRQHandler                      0x08001147   Thumb Code     0  startup_stm32f10x_hd.o(.text)
    RTC_IRQHandler                           0x08001147   Thumb Code     0  startup_stm32f10x_hd.o(.text)
    SDIO_IRQHandler                          0x08001147   Thumb Code     0  startup_stm32f10x_hd.o(.text)
    SPI1_IRQHandler                          0x08001147   Thumb Code     0  startup_stm32f10x_hd.o(.text)
    SPI2_IRQHandler                          0x08001147   Thumb Code     0  startup_stm32f10x_hd.o(.text)
    SPI3_IRQHandler                          0x08001147   Thumb Code     0  startup_stm32f10x_hd.o(.text)
    TAMPER_IRQHandler                        0x08001147   Thumb Code     0  startup_stm32f10x_hd.o(.text)
    TIM1_BRK_IRQHandler                      0x08001147   Thumb Code     0  startup_stm32f10x_hd.o(.text)
    TIM1_CC_IRQHandler                       0x08001147   Thumb Code     0  startup_stm32f10x_hd.o(.text)
    TIM1_TRG_COM_IRQHandler                  0x08001147   Thumb Code     0  startup_stm32f10x_hd.o(.text)
    TIM1_UP_IRQHandler                       0x08001147   Thumb Code     0  startup_stm32f10x_hd.o(.text)
    TIM2_IRQHandler                          0x08001147   Thumb Code     0  startup_stm32f10x_hd.o(.text)
    TIM3_IRQHandler                          0x08001147   Thumb Code     0  startup_stm32f10x_hd.o(.text)
    TIM4_IRQHandler                          0x08001147   Thumb Code     0  startup_stm32f10x_hd.o(.text)
    TIM5_IRQHandler                          0x08001147   Thumb Code     0  startup_stm32f10x_hd.o(.text)
    TIM6_IRQHandler                          0x08001147   Thumb Code     0  startup_stm32f10x_hd.o(.text)
    TIM7_IRQHandler                          0x08001147   Thumb Code     0  startup_stm32f10x_hd.o(.text)
    TIM8_BRK_IRQHandler                      0x08001147   Thumb Code     0  startup_stm32f10x_hd.o(.text)
    TIM8_CC_IRQHandler                       0x08001147   Thumb Code     0  startup_stm32f10x_hd.o(.text)
    TIM8_TRG_COM_IRQHandler                  0x08001147   Thumb Code     0  startup_stm32f10x_hd.o(.text)
    TIM8_UP_IRQHandler                       0x08001147   Thumb Code     0  startup_stm32f10x_hd.o(.text)
    UART4_IRQHandler                         0x08001147   Thumb Code     0  startup_stm32f10x_hd.o(.text)
    UART5_IRQHandler                         0x08001147   Thumb Code     0  startup_stm32f10x_hd.o(.text)
    USART2_IRQHandler                        0x08001147   Thumb Code     0  startup_stm32f10x_hd.o(.text)
    USART3_IRQHandler                        0x08001147   Thumb Code     0  startup_stm32f10x_hd.o(.text)
    USBWakeUp_IRQHandler                     0x08001147   Thumb Code     0  startup_stm32f10x_hd.o(.text)
    USB_HP_CAN1_TX_IRQHandler                0x08001147   Thumb Code     0  startup_stm32f10x_hd.o(.text)
    USB_LP_CAN1_RX0_IRQHandler               0x08001147   Thumb Code     0  startup_stm32f10x_hd.o(.text)
    WWDG_IRQHandler                          0x08001147   Thumb Code     0  startup_stm32f10x_hd.o(.text)
    __user_initial_stackheap                 0x08001149   Thumb Code     0  startup_stm32f10x_hd.o(.text)
    NVIC_PriorityGroupConfig                 0x0800116d   Thumb Code    10  misc.o(.text)
    NVIC_Init                                0x08001177   Thumb Code   102  misc.o(.text)
    NVIC_SetVectorTable                      0x080011dd   Thumb Code    14  misc.o(.text)
    NVIC_SystemLPConfig                      0x080011eb   Thumb Code    34  misc.o(.text)
    SysTick_CLKSourceConfig                  0x0800120d   Thumb Code    40  misc.o(.text)
    ADC_DeInit                               0x08001249   Thumb Code    78  stm32f10x_adc.o(.text)
    ADC_Init                                 0x08001297   Thumb Code    70  stm32f10x_adc.o(.text)
    ADC_StructInit                           0x080012dd   Thumb Code    18  stm32f10x_adc.o(.text)
    ADC_Cmd                                  0x080012ef   Thumb Code    22  stm32f10x_adc.o(.text)
    ADC_DMACmd                               0x08001305   Thumb Code    22  stm32f10x_adc.o(.text)
    ADC_ITConfig                             0x0800131b   Thumb Code    24  stm32f10x_adc.o(.text)
    ADC_ResetCalibration                     0x08001333   Thumb Code    10  stm32f10x_adc.o(.text)
    ADC_GetResetCalibrationStatus            0x0800133d   Thumb Code    20  stm32f10x_adc.o(.text)
    ADC_StartCalibration                     0x08001351   Thumb Code    10  stm32f10x_adc.o(.text)
    ADC_GetCalibrationStatus                 0x0800135b   Thumb Code    20  stm32f10x_adc.o(.text)
    ADC_SoftwareStartConvCmd                 0x0800136f   Thumb Code    22  stm32f10x_adc.o(.text)
    ADC_GetSoftwareStartConvStatus           0x08001385   Thumb Code    20  stm32f10x_adc.o(.text)
    ADC_DiscModeChannelCountConfig           0x08001399   Thumb Code    24  stm32f10x_adc.o(.text)
    ADC_DiscModeCmd                          0x080013b1   Thumb Code    22  stm32f10x_adc.o(.text)
    ADC_RegularChannelConfig                 0x080013c7   Thumb Code   184  stm32f10x_adc.o(.text)
    ADC_ExternalTrigConvCmd                  0x0800147f   Thumb Code    22  stm32f10x_adc.o(.text)
    ADC_GetConversionValue                   0x08001495   Thumb Code     8  stm32f10x_adc.o(.text)
    ADC_GetDualModeConversionValue           0x0800149d   Thumb Code     8  stm32f10x_adc.o(.text)
    ADC_AutoInjectedConvCmd                  0x080014a5   Thumb Code    22  stm32f10x_adc.o(.text)
    ADC_InjectedDiscModeCmd                  0x080014bb   Thumb Code    22  stm32f10x_adc.o(.text)
    ADC_ExternalTrigInjectedConvConfig       0x080014d1   Thumb Code    16  stm32f10x_adc.o(.text)
    ADC_ExternalTrigInjectedConvCmd          0x080014e1   Thumb Code    22  stm32f10x_adc.o(.text)
    ADC_SoftwareStartInjectedConvCmd         0x080014f7   Thumb Code    22  stm32f10x_adc.o(.text)
    ADC_GetSoftwareStartInjectedConvCmdStatus 0x0800150d   Thumb Code    20  stm32f10x_adc.o(.text)
    ADC_InjectedChannelConfig                0x08001521   Thumb Code   130  stm32f10x_adc.o(.text)
    ADC_InjectedSequencerLengthConfig        0x080015a3   Thumb Code    24  stm32f10x_adc.o(.text)
    ADC_SetInjectedOffset                    0x080015bb   Thumb Code    20  stm32f10x_adc.o(.text)
    ADC_GetInjectedConversionValue           0x080015cf   Thumb Code    28  stm32f10x_adc.o(.text)
    ADC_AnalogWatchdogCmd                    0x080015eb   Thumb Code    16  stm32f10x_adc.o(.text)
    ADC_AnalogWatchdogThresholdsConfig       0x080015fb   Thumb Code     6  stm32f10x_adc.o(.text)
    ADC_AnalogWatchdogSingleChannelConfig    0x08001601   Thumb Code    16  stm32f10x_adc.o(.text)
    ADC_TempSensorVrefintCmd                 0x08001611   Thumb Code    64  stm32f10x_adc.o(.text)
    ADC_GetFlagStatus                        0x08001651   Thumb Code    18  stm32f10x_adc.o(.text)
    ADC_ClearFlag                            0x08001663   Thumb Code     6  stm32f10x_adc.o(.text)
    ADC_GetITStatus                          0x08001669   Thumb Code    36  stm32f10x_adc.o(.text)
    ADC_ClearITPendingBit                    0x0800168d   Thumb Code    10  stm32f10x_adc.o(.text)
    GPIO_DeInit                              0x08001699   Thumb Code   172  stm32f10x_gpio.o(.text)
    GPIO_AFIODeInit                          0x08001745   Thumb Code    20  stm32f10x_gpio.o(.text)
    GPIO_Init                                0x08001759   Thumb Code   274  stm32f10x_gpio.o(.text)
    GPIO_StructInit                          0x0800186b   Thumb Code    16  stm32f10x_gpio.o(.text)
    GPIO_ReadInputDataBit                    0x0800187b   Thumb Code    18  stm32f10x_gpio.o(.text)
    GPIO_ReadInputData                       0x0800188d   Thumb Code     8  stm32f10x_gpio.o(.text)
    GPIO_ReadOutputDataBit                   0x08001895   Thumb Code    18  stm32f10x_gpio.o(.text)
    GPIO_ReadOutputData                      0x080018a7   Thumb Code     8  stm32f10x_gpio.o(.text)
    GPIO_SetBits                             0x080018af   Thumb Code     4  stm32f10x_gpio.o(.text)
    GPIO_ResetBits                           0x080018b3   Thumb Code     4  stm32f10x_gpio.o(.text)
    GPIO_WriteBit                            0x080018b7   Thumb Code    10  stm32f10x_gpio.o(.text)
    GPIO_Write                               0x080018c1   Thumb Code     4  stm32f10x_gpio.o(.text)
    GPIO_PinLockConfig                       0x080018c5   Thumb Code    18  stm32f10x_gpio.o(.text)
    GPIO_EventOutputConfig                   0x080018d7   Thumb Code    26  stm32f10x_gpio.o(.text)
    GPIO_EventOutputCmd                      0x080018f1   Thumb Code     6  stm32f10x_gpio.o(.text)
    GPIO_PinRemapConfig                      0x080018f7   Thumb Code   138  stm32f10x_gpio.o(.text)
    GPIO_EXTILineConfig                      0x08001981   Thumb Code    66  stm32f10x_gpio.o(.text)
    GPIO_ETH_MediaInterfaceConfig            0x080019c3   Thumb Code     6  stm32f10x_gpio.o(.text)
    RCC_DeInit                               0x080019f1   Thumb Code    64  stm32f10x_rcc.o(.text)
    RCC_HSEConfig                            0x08001a31   Thumb Code    70  stm32f10x_rcc.o(.text)
    RCC_GetFlagStatus                        0x08001a77   Thumb Code    56  stm32f10x_rcc.o(.text)
    RCC_WaitForHSEStartUp                    0x08001aaf   Thumb Code    56  stm32f10x_rcc.o(.text)
    RCC_AdjustHSICalibrationValue            0x08001ae7   Thumb Code    20  stm32f10x_rcc.o(.text)
    RCC_HSICmd                               0x08001afb   Thumb Code     6  stm32f10x_rcc.o(.text)
    RCC_PLLConfig                            0x08001b01   Thumb Code    24  stm32f10x_rcc.o(.text)
    RCC_PLLCmd                               0x08001b19   Thumb Code     6  stm32f10x_rcc.o(.text)
    RCC_SYSCLKConfig                         0x08001b1f   Thumb Code    18  stm32f10x_rcc.o(.text)
    RCC_GetSYSCLKSource                      0x08001b31   Thumb Code    10  stm32f10x_rcc.o(.text)
    RCC_HCLKConfig                           0x08001b3b   Thumb Code    18  stm32f10x_rcc.o(.text)
    RCC_PCLK1Config                          0x08001b4d   Thumb Code    18  stm32f10x_rcc.o(.text)
    RCC_PCLK2Config                          0x08001b5f   Thumb Code    20  stm32f10x_rcc.o(.text)
    RCC_ITConfig                             0x08001b73   Thumb Code    26  stm32f10x_rcc.o(.text)
    RCC_USBCLKConfig                         0x08001b8d   Thumb Code     6  stm32f10x_rcc.o(.text)
    RCC_ADCCLKConfig                         0x08001b93   Thumb Code    18  stm32f10x_rcc.o(.text)
    RCC_LSEConfig                            0x08001ba5   Thumb Code    44  stm32f10x_rcc.o(.text)
    RCC_LSICmd                               0x08001bd1   Thumb Code     6  stm32f10x_rcc.o(.text)
    RCC_RTCCLKConfig                         0x08001bd7   Thumb Code    12  stm32f10x_rcc.o(.text)
    RCC_RTCCLKCmd                            0x08001be3   Thumb Code     8  stm32f10x_rcc.o(.text)
    RCC_GetClocksFreq                        0x08001beb   Thumb Code   192  stm32f10x_rcc.o(.text)
    RCC_AHBPeriphClockCmd                    0x08001cab   Thumb Code    26  stm32f10x_rcc.o(.text)
    RCC_APB2PeriphClockCmd                   0x08001cc5   Thumb Code    26  stm32f10x_rcc.o(.text)
    RCC_APB1PeriphClockCmd                   0x08001cdf   Thumb Code    26  stm32f10x_rcc.o(.text)
    RCC_APB2PeriphResetCmd                   0x08001cf9   Thumb Code    26  stm32f10x_rcc.o(.text)
    RCC_APB1PeriphResetCmd                   0x08001d13   Thumb Code    26  stm32f10x_rcc.o(.text)
    RCC_BackupResetCmd                       0x08001d2d   Thumb Code     8  stm32f10x_rcc.o(.text)
    RCC_ClockSecuritySystemCmd               0x08001d35   Thumb Code     6  stm32f10x_rcc.o(.text)
    RCC_MCOConfig                            0x08001d3b   Thumb Code     6  stm32f10x_rcc.o(.text)
    RCC_ClearFlag                            0x08001d41   Thumb Code    14  stm32f10x_rcc.o(.text)
    RCC_GetITStatus                          0x08001d4f   Thumb Code    20  stm32f10x_rcc.o(.text)
    RCC_ClearITPendingBit                    0x08001d63   Thumb Code     6  stm32f10x_rcc.o(.text)
    USART_DeInit                             0x08001d95   Thumb Code   134  stm32f10x_usart.o(.text)
    USART_Init                               0x08001e1b   Thumb Code   210  stm32f10x_usart.o(.text)
    USART_StructInit                         0x08001eed   Thumb Code    24  stm32f10x_usart.o(.text)
    USART_ClockInit                          0x08001f05   Thumb Code    34  stm32f10x_usart.o(.text)
    USART_ClockStructInit                    0x08001f27   Thumb Code    12  stm32f10x_usart.o(.text)
    USART_Cmd                                0x08001f33   Thumb Code    24  stm32f10x_usart.o(.text)
    USART_ITConfig                           0x08001f4b   Thumb Code    74  stm32f10x_usart.o(.text)
    USART_DMACmd                             0x08001f95   Thumb Code    18  stm32f10x_usart.o(.text)
    USART_SetAddress                         0x08001fa7   Thumb Code    18  stm32f10x_usart.o(.text)
    USART_WakeUpConfig                       0x08001fb9   Thumb Code    18  stm32f10x_usart.o(.text)
    USART_ReceiverWakeUpCmd                  0x08001fcb   Thumb Code    24  stm32f10x_usart.o(.text)
    USART_LINBreakDetectLengthConfig         0x08001fe3   Thumb Code    18  stm32f10x_usart.o(.text)
    USART_LINCmd                             0x08001ff5   Thumb Code    24  stm32f10x_usart.o(.text)
    USART_SendData                           0x0800200d   Thumb Code     8  stm32f10x_usart.o(.text)
    USART_ReceiveData                        0x08002015   Thumb Code    10  stm32f10x_usart.o(.text)
    USART_SendBreak                          0x0800201f   Thumb Code    10  stm32f10x_usart.o(.text)
    USART_SetGuardTime                       0x08002029   Thumb Code    16  stm32f10x_usart.o(.text)
    USART_SetPrescaler                       0x08002039   Thumb Code    16  stm32f10x_usart.o(.text)
    USART_SmartCardCmd                       0x08002049   Thumb Code    24  stm32f10x_usart.o(.text)
    USART_SmartCardNACKCmd                   0x08002061   Thumb Code    24  stm32f10x_usart.o(.text)
    USART_HalfDuplexCmd                      0x08002079   Thumb Code    24  stm32f10x_usart.o(.text)
    USART_OverSampling8Cmd                   0x08002091   Thumb Code    22  stm32f10x_usart.o(.text)
    USART_OneBitMethodCmd                    0x080020a7   Thumb Code    24  stm32f10x_usart.o(.text)
    USART_IrDAConfig                         0x080020bf   Thumb Code    18  stm32f10x_usart.o(.text)
    USART_IrDACmd                            0x080020d1   Thumb Code    24  stm32f10x_usart.o(.text)
    USART_GetFlagStatus                      0x080020e9   Thumb Code    26  stm32f10x_usart.o(.text)
    USART_ClearFlag                          0x08002103   Thumb Code    18  stm32f10x_usart.o(.text)
    USART_GetITStatus                        0x08002115   Thumb Code    84  stm32f10x_usart.o(.text)
    USART_ClearITPendingBit                  0x08002169   Thumb Code    52  stm32f10x_usart.o(.text)
    SPI_I2S_DeInit                           0x0800219d   Thumb Code    76  stm32f10x_spi.o(.text)
    SPI_Init                                 0x080021e9   Thumb Code    60  stm32f10x_spi.o(.text)
    I2S_Init                                 0x08002225   Thumb Code   226  stm32f10x_spi.o(.text)
    SPI_StructInit                           0x08002307   Thumb Code    24  stm32f10x_spi.o(.text)
    I2S_StructInit                           0x0800231f   Thumb Code    20  stm32f10x_spi.o(.text)
    SPI_Cmd                                  0x08002333   Thumb Code    24  stm32f10x_spi.o(.text)
    I2S_Cmd                                  0x0800234b   Thumb Code    24  stm32f10x_spi.o(.text)
    SPI_I2S_ITConfig                         0x08002363   Thumb Code    32  stm32f10x_spi.o(.text)
    SPI_I2S_DMACmd                           0x08002383   Thumb Code    18  stm32f10x_spi.o(.text)
    SPI_I2S_SendData                         0x08002395   Thumb Code     4  stm32f10x_spi.o(.text)
    SPI_I2S_ReceiveData                      0x08002399   Thumb Code     6  stm32f10x_spi.o(.text)
    SPI_NSSInternalSoftwareConfig            0x0800239f   Thumb Code    30  stm32f10x_spi.o(.text)
    SPI_SSOutputCmd                          0x080023bd   Thumb Code    24  stm32f10x_spi.o(.text)
    SPI_DataSizeConfig                       0x080023d5   Thumb Code    18  stm32f10x_spi.o(.text)
    SPI_TransmitCRC                          0x080023e7   Thumb Code    10  stm32f10x_spi.o(.text)
    SPI_CalculateCRC                         0x080023f1   Thumb Code    24  stm32f10x_spi.o(.text)
    SPI_GetCRC                               0x08002409   Thumb Code    16  stm32f10x_spi.o(.text)
    SPI_GetCRCPolynomial                     0x08002419   Thumb Code     6  stm32f10x_spi.o(.text)
    SPI_BiDirectionalLineConfig              0x0800241f   Thumb Code    28  stm32f10x_spi.o(.text)
    SPI_I2S_GetFlagStatus                    0x0800243b   Thumb Code    18  stm32f10x_spi.o(.text)
    SPI_I2S_ClearFlag                        0x0800244d   Thumb Code     6  stm32f10x_spi.o(.text)
    SPI_I2S_GetITStatus                      0x08002453   Thumb Code    52  stm32f10x_spi.o(.text)
    SPI_I2S_ClearITPendingBit                0x08002487   Thumb Code    20  stm32f10x_spi.o(.text)
    __use_no_semihosting                     0x080024a9   Thumb Code     2  use_no_semi_2.o(.text)
    __2printf                                0x080024ad   Thumb Code    20  noretval__2printf.o(.text)
    _printf_int_dec                          0x080024c5   Thumb Code   102  _printf_dec.o(.text)
    __printf                                 0x0800253d   Thumb Code   270  __printf_wp.o(.text)
    __use_two_region_memory                  0x0800264b   Thumb Code     2  heapauxi.o(.text)
    __rt_heap_escrow$2region                 0x0800264d   Thumb Code     2  heapauxi.o(.text)
    __rt_heap_expand$2region                 0x0800264f   Thumb Code     2  heapauxi.o(.text)
    __I$use$semihosting                      0x08002651   Thumb Code     0  use_no_semi.o(.text)
    __use_no_semihosting_swi                 0x08002651   Thumb Code     2  use_no_semi.o(.text)
    _printf_int_common                       0x08002653   Thumb Code   184  _printf_intcommon.o(.text)
    __lib_sel_fp_printf                      0x0800270b   Thumb Code     2  _printf_fp_dec.o(.text)
    _printf_fp_dec_real                      0x080028b7   Thumb Code   628  _printf_fp_dec.o(.text)
    _printf_char_file                        0x08002b2d   Thumb Code    32  _printf_char_file.o(.text)
    __rt_locale                              0x08002b51   Thumb Code     8  rt_locale_intlibspace.o(.text)
    _ll_udiv10                               0x08002b59   Thumb Code   138  lludiv10.o(.text)
    _printf_char_common                      0x08002bef   Thumb Code    32  _printf_char_common.o(.text)
    _printf_fp_infnan                        0x08002c15   Thumb Code   112  _printf_fp_infnan.o(.text)
    _btod_etento                             0x08002c95   Thumb Code   222  bigflt0.o(.text)
    ferror                                   0x08002d79   Thumb Code     8  ferror.o(.text)
    __user_libspace                          0x08002d81   Thumb Code     8  libspace.o(.text)
    __user_perproc_libspace                  0x08002d81   Thumb Code     0  libspace.o(.text)
    __user_perthread_libspace                0x08002d81   Thumb Code     0  libspace.o(.text)
    __user_setup_stackheap                   0x08002d89   Thumb Code    74  sys_stackheap_outer.o(.text)
    exit                                     0x08002dd3   Thumb Code    12  exit.o(.text)
    strcmp                                   0x08002de1   Thumb Code   128  strcmpv7m.o(.text)
    _btod_d2e                                0x08002e61   Thumb Code    62  btod.o(CL$$btod_d2e)
    _d2e_denorm_low                          0x08002e9f   Thumb Code    70  btod.o(CL$$btod_d2e_denorm_low)
    _d2e_norm_op1                            0x08002ee5   Thumb Code    96  btod.o(CL$$btod_d2e_norm_op1)
    __btod_div_common                        0x08002f45   Thumb Code   696  btod.o(CL$$btod_div_common)
    _e2e                                     0x0800327d   Thumb Code   198  btod.o(CL$$btod_e2e)
    _btod_ediv                               0x08003343   Thumb Code    40  btod.o(CL$$btod_ediv)
    _btod_emul                               0x0800336b   Thumb Code    40  btod.o(CL$$btod_emul)
    __btod_mult_common                       0x08003393   Thumb Code   580  btod.o(CL$$btod_mult_common)
    __ARM_fpclassify                         0x080035d7   Thumb Code    40  fpclassify.o(i.__ARM_fpclassify)
    _is_digit                                0x080035ff   Thumb Code    14  __printf_wp.o(i._is_digit)
    _get_lc_numeric                          0x0800360d   Thumb Code    44  lc_numeric_c.o(locale$$code)
    __aeabi_dadd                             0x08003639   Thumb Code     0  daddsub_clz.o(x$fpl$dadd)
    _dadd                                    0x08003639   Thumb Code   332  daddsub_clz.o(x$fpl$dadd)
    __aeabi_ddiv                             0x08003789   Thumb Code     0  ddiv.o(x$fpl$ddiv)
    _ddiv                                    0x08003789   Thumb Code   552  ddiv.o(x$fpl$ddiv)
    __aeabi_d2uiz                            0x08003a39   Thumb Code     0  dfixu.o(x$fpl$dfixu)
    _dfixu                                   0x08003a39   Thumb Code    90  dfixu.o(x$fpl$dfixu)
    __aeabi_i2d                              0x08003a93   Thumb Code     0  dflt_clz.o(x$fpl$dflt)
    _dflt                                    0x08003a93   Thumb Code    46  dflt_clz.o(x$fpl$dflt)
    __aeabi_ui2d                             0x08003ac1   Thumb Code     0  dflt_clz.o(x$fpl$dfltu)
    _dfltu                                   0x08003ac1   Thumb Code    38  dflt_clz.o(x$fpl$dfltu)
    __aeabi_dmul                             0x08003ae9   Thumb Code     0  dmul.o(x$fpl$dmul)
    _dmul                                    0x08003ae9   Thumb Code   332  dmul.o(x$fpl$dmul)
    __fpl_dnaninf                            0x08003c3d   Thumb Code   156  dnaninf.o(x$fpl$dnaninf)
    __fpl_dretinf                            0x08003cd9   Thumb Code    12  dretinf.o(x$fpl$dretinf)
    __aeabi_dsub                             0x08003ce5   Thumb Code     0  daddsub_clz.o(x$fpl$dsub)
    _dsub                                    0x08003ce5   Thumb Code   464  daddsub_clz.o(x$fpl$dsub)
    _printf_fp_dec                           0x08003eb9   Thumb Code     4  printf1.o(x$fpl$printf1)
    TX_ADDRESS                               0x08003ebc   Data           5  24l01.o(.constdata)
    __I$use$fp                               0x08003ebc   Number         0  usenofp.o(x$fpl$usenofp)
    RX_ADDRESS                               0x08003ec1   Data           5  24l01.o(.constdata)
    Region$$Table$$Base                      0x08003f5c   Number         0  anon$$obj.o(Region$$Table)
    Region$$Table$$Limit                     0x08003f7c   Number         0  anon$$obj.o(Region$$Table)
    ADC_OK                                   0x20000000   Data           1  main.o(.data)
    i                                        0x20000001   Data           1  main.o(.data)
    t                                        0x20000002   Data           1  main.o(.data)
    ADC_value                                0x20000004   Data           8  main.o(.data)
    SystemCoreClock                          0x2000000c   Data           4  system_stm32f10x.o(.data)
    AHBPrescTable                            0x20000010   Data          16  system_stm32f10x.o(.data)
    ADC_Origin                               0x20000024   Data           8  adc.o(.data)
    USART_RX_STA                             0x20000030   Data           2  usart.o(.data)
    __stdout                                 0x20000034   Data           4  usart.o(.data)
    ADC_voltage                              0x20000050   Data          32  main.o(.bss)
    send_data                                0x20000070   Data          20  main.o(.bss)
    Origin_voltage                           0x200000a8   Data          32  adc.o(.bss)
    USART_RX_BUF                             0x200000c8   Data         200  usart.o(.bss)
    __libspace_start                         0x20000190   Data          96  libspace.o(.bss)
    __temporary_stack_top$libspace           0x200001f0   Data           0  libspace.o(.bss)



==============================================================================

Memory Map of the image

  Image Entry point : 0x08000131

  Load Region LR_IROM1 (Base: 0x08000000, Size: 0x00003fe4, Max: 0x00040000, ABSOLUTE)

    Execution Region ER_IROM1 (Base: 0x08000000, Size: 0x00003f98, Max: 0x00040000, ABSOLUTE)

    Base Addr    Size         Type   Attr      Idx    E Section Name        Object

    0x08000000   0x00000130   Data   RO          313    RESET               startup_stm32f10x_hd.o
    0x08000130   0x00000008   Code   RO          697  * !!!main             c_w.l(__main.o)
    0x08000138   0x00000034   Code   RO          936    !!!scatter          c_w.l(__scatter.o)
    0x0800016c   0x0000001a   Code   RO          938    !!handler_copy      c_w.l(__scatter_copy.o)
    0x08000186   0x00000002   PAD
    0x08000188   0x0000001c   Code   RO          940    !!handler_zi        c_w.l(__scatter_zi.o)
    0x080001a4   0x00000000   Code   RO          694    .ARM.Collect$$_printf_percent$$00000000  c_w.l(_printf_percent.o)
    0x080001a4   0x00000006   Code   RO          693    .ARM.Collect$$_printf_percent$$00000003  c_w.l(_printf_f.o)
    0x080001aa   0x00000006   Code   RO          692    .ARM.Collect$$_printf_percent$$00000009  c_w.l(_printf_d.o)
    0x080001b0   0x00000004   Code   RO          732    .ARM.Collect$$_printf_percent$$00000017  c_w.l(_printf_percent_end.o)
    0x080001b4   0x00000002   Code   RO          816    .ARM.Collect$$libinit$$00000000  c_w.l(libinit.o)
    0x080001b6   0x00000000   Code   RO          818    .ARM.Collect$$libinit$$00000002  c_w.l(libinit2.o)
    0x080001b6   0x00000000   Code   RO          821    .ARM.Collect$$libinit$$00000008  c_w.l(libinit2.o)
    0x080001b6   0x00000000   Code   RO          823    .ARM.Collect$$libinit$$0000000A  c_w.l(libinit2.o)
    0x080001b6   0x00000000   Code   RO          825    .ARM.Collect$$libinit$$0000000C  c_w.l(libinit2.o)
    0x080001b6   0x00000006   Code   RO          826    .ARM.Collect$$libinit$$0000000D  c_w.l(libinit2.o)
    0x080001bc   0x00000000   Code   RO          828    .ARM.Collect$$libinit$$0000000F  c_w.l(libinit2.o)
    0x080001bc   0x00000000   Code   RO          830    .ARM.Collect$$libinit$$00000011  c_w.l(libinit2.o)
    0x080001bc   0x00000000   Code   RO          832    .ARM.Collect$$libinit$$00000013  c_w.l(libinit2.o)
    0x080001bc   0x0000000a   Code   RO          833    .ARM.Collect$$libinit$$00000014  c_w.l(libinit2.o)
    0x080001c6   0x00000000   Code   RO          834    .ARM.Collect$$libinit$$00000015  c_w.l(libinit2.o)
    0x080001c6   0x00000000   Code   RO          836    .ARM.Collect$$libinit$$00000017  c_w.l(libinit2.o)
    0x080001c6   0x00000000   Code   RO          838    .ARM.Collect$$libinit$$00000019  c_w.l(libinit2.o)
    0x080001c6   0x00000000   Code   RO          840    .ARM.Collect$$libinit$$0000001B  c_w.l(libinit2.o)
    0x080001c6   0x00000000   Code   RO          842    .ARM.Collect$$libinit$$0000001D  c_w.l(libinit2.o)
    0x080001c6   0x00000000   Code   RO          844    .ARM.Collect$$libinit$$0000001F  c_w.l(libinit2.o)
    0x080001c6   0x00000000   Code   RO          846    .ARM.Collect$$libinit$$00000021  c_w.l(libinit2.o)
    0x080001c6   0x00000000   Code   RO          848    .ARM.Collect$$libinit$$00000023  c_w.l(libinit2.o)
    0x080001c6   0x00000000   Code   RO          852    .ARM.Collect$$libinit$$0000002A  c_w.l(libinit2.o)
    0x080001c6   0x00000000   Code   RO          854    .ARM.Collect$$libinit$$0000002C  c_w.l(libinit2.o)
    0x080001c6   0x00000000   Code   RO          856    .ARM.Collect$$libinit$$0000002E  c_w.l(libinit2.o)
    0x080001c6   0x00000000   Code   RO          858    .ARM.Collect$$libinit$$00000030  c_w.l(libinit2.o)
    0x080001c6   0x00000002   Code   RO          859    .ARM.Collect$$libinit$$00000031  c_w.l(libinit2.o)
    0x080001c8   0x00000002   Code   RO          887    .ARM.Collect$$libshutdown$$00000000  c_w.l(libshutdown.o)
    0x080001ca   0x00000000   Code   RO          897    .ARM.Collect$$libshutdown$$00000003  c_w.l(libshutdown2.o)
    0x080001ca   0x00000000   Code   RO          900    .ARM.Collect$$libshutdown$$00000006  c_w.l(libshutdown2.o)
    0x080001ca   0x00000000   Code   RO          903    .ARM.Collect$$libshutdown$$00000009  c_w.l(libshutdown2.o)
    0x080001ca   0x00000000   Code   RO          905    .ARM.Collect$$libshutdown$$0000000B  c_w.l(libshutdown2.o)
    0x080001ca   0x00000000   Code   RO          908    .ARM.Collect$$libshutdown$$0000000E  c_w.l(libshutdown2.o)
    0x080001ca   0x00000002   Code   RO          909    .ARM.Collect$$libshutdown$$0000000F  c_w.l(libshutdown2.o)
    0x080001cc   0x00000000   Code   RO          725    .ARM.Collect$$rtentry$$00000000  c_w.l(rtentry.o)
    0x080001cc   0x00000000   Code   RO          739    .ARM.Collect$$rtentry$$00000002  c_w.l(rtentry2.o)
    0x080001cc   0x00000006   Code   RO          751    .ARM.Collect$$rtentry$$00000004  c_w.l(rtentry4.o)
    0x080001d2   0x00000000   Code   RO          741    .ARM.Collect$$rtentry$$00000009  c_w.l(rtentry2.o)
    0x080001d2   0x00000004   Code   RO          742    .ARM.Collect$$rtentry$$0000000A  c_w.l(rtentry2.o)
    0x080001d6   0x00000000   Code   RO          744    .ARM.Collect$$rtentry$$0000000C  c_w.l(rtentry2.o)
    0x080001d6   0x00000008   Code   RO          745    .ARM.Collect$$rtentry$$0000000D  c_w.l(rtentry2.o)
    0x080001de   0x00000002   Code   RO          860    .ARM.Collect$$rtexit$$00000000  c_w.l(rtexit.o)
    0x080001e0   0x00000000   Code   RO          867    .ARM.Collect$$rtexit$$00000002  c_w.l(rtexit2.o)
    0x080001e0   0x00000004   Code   RO          868    .ARM.Collect$$rtexit$$00000003  c_w.l(rtexit2.o)
    0x080001e4   0x00000006   Code   RO          869    .ARM.Collect$$rtexit$$00000004  c_w.l(rtexit2.o)
    0x080001ea   0x00000002   PAD
    0x080001ec   0x00000238   Code   RO            1    .text               main.o
    0x08000424   0x0000001a   Code   RO           97    .text               stm32f10x_it.o
    0x0800043e   0x00000002   PAD
    0x08000440   0x000001dc   Code   RO          135    .text               system_stm32f10x.o
    0x0800061c   0x0000004c   Code   RO          153    .text               led.o
    0x08000668   0x000000fc   Code   RO          165    .text               key.o
    0x08000764   0x00000390   Code   RO          201    .text               adc.o
    0x08000af4   0x0000031c   Code   RO          221    .text               24l01.o
    0x08000e10   0x000000fc   Code   RO          239    .text               spi.o
    0x08000f0c   0x000000d0   Code   RO          251    .text               delay.o
    0x08000fdc   0x0000000c   Code   RO          265    .text               sys.o
    0x08000fe8   0x00000144   Code   RO          277    .text               usart.o
    0x0800112c   0x00000040   Code   RO          314    .text               startup_stm32f10x_hd.o
    0x0800116c   0x000000dc   Code   RO          318    .text               misc.o
    0x08001248   0x0000044e   Code   RO          330    .text               stm32f10x_adc.o
    0x08001696   0x00000002   PAD
    0x08001698   0x00000358   Code   RO          354    .text               stm32f10x_gpio.o
    0x080019f0   0x000003a4   Code   RO          366    .text               stm32f10x_rcc.o
    0x08001d94   0x00000408   Code   RO          380    .text               stm32f10x_usart.o
    0x0800219c   0x0000030c   Code   RO          599    .text               stm32f10x_spi.o
    0x080024a8   0x00000002   Code   RO          640    .text               c_w.l(use_no_semi_2.o)
    0x080024aa   0x00000002   PAD
    0x080024ac   0x00000018   Code   RO          644    .text               c_w.l(noretval__2printf.o)
    0x080024c4   0x00000078   Code   RO          648    .text               c_w.l(_printf_dec.o)
    0x0800253c   0x0000010e   Code   RO          679    .text               c_w.l(__printf_wp.o)
    0x0800264a   0x00000006   Code   RO          695    .text               c_w.l(heapauxi.o)
    0x08002650   0x00000002   Code   RO          723    .text               c_w.l(use_no_semi.o)
    0x08002652   0x000000b8   Code   RO          726    .text               c_w.l(_printf_intcommon.o)
    0x0800270a   0x00000420   Code   RO          728    .text               c_w.l(_printf_fp_dec.o)
    0x08002b2a   0x00000002   PAD
    0x08002b2c   0x00000024   Code   RO          730    .text               c_w.l(_printf_char_file.o)
    0x08002b50   0x00000008   Code   RO          756    .text               c_w.l(rt_locale_intlibspace.o)
    0x08002b58   0x0000008a   Code   RO          758    .text               c_w.l(lludiv10.o)
    0x08002be2   0x00000002   PAD
    0x08002be4   0x00000030   Code   RO          760    .text               c_w.l(_printf_char_common.o)
    0x08002c14   0x00000080   Code   RO          762    .text               c_w.l(_printf_fp_infnan.o)
    0x08002c94   0x000000e4   Code   RO          764    .text               c_w.l(bigflt0.o)
    0x08002d78   0x00000008   Code   RO          789    .text               c_w.l(ferror.o)
    0x08002d80   0x00000008   Code   RO          800    .text               c_w.l(libspace.o)
    0x08002d88   0x0000004a   Code   RO          803    .text               c_w.l(sys_stackheap_outer.o)
    0x08002dd2   0x0000000c   Code   RO          807    .text               c_w.l(exit.o)
    0x08002dde   0x00000002   PAD
    0x08002de0   0x00000080   Code   RO          809    .text               c_w.l(strcmpv7m.o)
    0x08002e60   0x0000003e   Code   RO          767    CL$$btod_d2e        c_w.l(btod.o)
    0x08002e9e   0x00000046   Code   RO          769    CL$$btod_d2e_denorm_low  c_w.l(btod.o)
    0x08002ee4   0x00000060   Code   RO          768    CL$$btod_d2e_norm_op1  c_w.l(btod.o)
    0x08002f44   0x00000338   Code   RO          777    CL$$btod_div_common  c_w.l(btod.o)
    0x0800327c   0x000000c6   Code   RO          774    CL$$btod_e2e        c_w.l(btod.o)
    0x08003342   0x00000028   Code   RO          771    CL$$btod_ediv       c_w.l(btod.o)
    0x0800336a   0x00000028   Code   RO          770    CL$$btod_emul       c_w.l(btod.o)
    0x08003392   0x00000244   Code   RO          776    CL$$btod_mult_common  c_w.l(btod.o)
    0x080035d6   0x00000028   Code   RO          798    i.__ARM_fpclassify  m_ws.l(fpclassify.o)
    0x080035fe   0x0000000e   Code   RO          681    i._is_digit         c_w.l(__printf_wp.o)
    0x0800360c   0x0000002c   Code   RO          794    locale$$code        c_w.l(lc_numeric_c.o)
    0x08003638   0x00000150   Code   RO          699    x$fpl$dadd          fz_ws.l(daddsub_clz.o)
    0x08003788   0x000002b0   Code   RO          706    x$fpl$ddiv          fz_ws.l(ddiv.o)
    0x08003a38   0x0000005a   Code   RO          709    x$fpl$dfixu         fz_ws.l(dfixu.o)
    0x08003a92   0x0000002e   Code   RO          714    x$fpl$dflt          fz_ws.l(dflt_clz.o)
    0x08003ac0   0x00000026   Code   RO          713    x$fpl$dfltu         fz_ws.l(dflt_clz.o)
    0x08003ae6   0x00000002   PAD
    0x08003ae8   0x00000154   Code   RO          719    x$fpl$dmul          fz_ws.l(dmul.o)
    0x08003c3c   0x0000009c   Code   RO          733    x$fpl$dnaninf       fz_ws.l(dnaninf.o)
    0x08003cd8   0x0000000c   Code   RO          735    x$fpl$dretinf       fz_ws.l(dretinf.o)
    0x08003ce4   0x000001d4   Code   RO          701    x$fpl$dsub          fz_ws.l(daddsub_clz.o)
    0x08003eb8   0x00000004   Code   RO          721    x$fpl$printf1       fz_ws.l(printf1.o)
    0x08003ebc   0x00000000   Code   RO          737    x$fpl$usenofp       fz_ws.l(usenofp.o)
    0x08003ebc   0x0000000a   Data   RO          222    .constdata          24l01.o
    0x08003ec6   0x00000002   PAD
    0x08003ec8   0x00000094   Data   RO          765    .constdata          c_w.l(bigflt0.o)
    0x08003f5c   0x00000020   Data   RO          934    Region$$Table       anon$$obj.o
    0x08003f7c   0x0000001c   Data   RO          793    locale$$data        c_w.l(lc_numeric_c.o)


    Execution Region RW_IRAM1 (Base: 0x20000000, Size: 0x000007f0, Max: 0x0000c000, ABSOLUTE)

    Base Addr    Size         Type   Attr      Idx    E Section Name        Object

    0x20000000   0x0000000c   Data   RW            3    .data               main.o
    0x2000000c   0x00000014   Data   RW          136    .data               system_stm32f10x.o
    0x20000020   0x00000001   Data   RW          166    .data               key.o
    0x20000021   0x00000001   PAD
    0x20000022   0x0000000a   Data   RW          203    .data               adc.o
    0x2000002c   0x00000004   Data   RW          252    .data               delay.o
    0x20000030   0x00000008   Data   RW          279    .data               usart.o
    0x20000038   0x00000014   Data   RW          367    .data               stm32f10x_rcc.o
    0x2000004c   0x00000004   PAD
    0x20000050   0x00000034   Zero   RW            2    .bss                main.o
    0x20000084   0x00000004   PAD
    0x20000088   0x00000040   Zero   RW          202    .bss                adc.o
    0x200000c8   0x000000c8   Zero   RW          278    .bss                usart.o
    0x20000190   0x00000060   Zero   RW          801    .bss                c_w.l(libspace.o)
    0x200001f0   0x00000200   Zero   RW          312    HEAP                startup_stm32f10x_hd.o
    0x200003f0   0x00000400   Zero   RW          311    STACK               startup_stm32f10x_hd.o


==============================================================================

Image component sizes


      Code (inc. data)   RO Data    RW Data    ZI Data      Debug   Object Name

       796         48         10          0          0       3563   24l01.o
       912         62          0         10         64       2170   adc.o
         0          0          0          0          0         32   core_cm3.o
       208         18          0          4          0        951   delay.o
       252         12          0          1          0        796   key.o
        76          8          0          0          0        463   led.o
       568         64          0         12         52     249538   main.o
       220         20          0          0          0       1733   misc.o
       252          8          0          0          0       1049   spi.o
        64         26        304          0       1536        780   startup_stm32f10x_hd.o
      1102         26          0          0          0      10769   stm32f10x_adc.o
       856         40          0          0          0       5577   stm32f10x_gpio.o
        26          0          0          0          0       1146   stm32f10x_it.o
       932         44          0         20          0       8716   stm32f10x_rcc.o
       780         14          0          0          0       6462   stm32f10x_spi.o
      1032         22          0          0          0       8304   stm32f10x_usart.o
        12          0          0          0          0        417   sys.o
       476         36          0         20          0       1635   system_stm32f10x.o
       324         16          0          8        200       3018   usart.o

    ----------------------------------------------------------------------
      8892        464        348         76       1860     307119   Object Totals
         0          0         32          0          0          0   (incl. Generated)
         4          0          2          1          8          0   (incl. Padding)

    ----------------------------------------------------------------------

      Code (inc. data)   RO Data    RW Data    ZI Data      Debug   Library Member Name

         8          0          0          0          0         68   __main.o
       284          0          0          0          0        156   __printf_wp.o
        52          8          0          0          0          0   __scatter.o
        26          0          0          0          0          0   __scatter_copy.o
        28          0          0          0          0          0   __scatter_zi.o
        48          6          0          0          0         96   _printf_char_common.o
        36          4          0          0          0         80   _printf_char_file.o
         6          0          0          0          0          0   _printf_d.o
       120         18          0          0          0         92   _printf_dec.o
         6          0          0          0          0          0   _printf_f.o
      1056          0          0          0          0        212   _printf_fp_dec.o
       128         16          0          0          0         84   _printf_fp_infnan.o
       184          0          0          0          0         88   _printf_intcommon.o
         0          0          0          0          0          0   _printf_percent.o
         4          0          0          0          0          0   _printf_percent_end.o
       228          6        148          0          0         96   bigflt0.o
      1910        128          0          0          0        672   btod.o
        12          0          0          0          0         72   exit.o
         8          0          0          0          0         68   ferror.o
         6          0          0          0          0        152   heapauxi.o
        44         10         28          0          0         76   lc_numeric_c.o
         2          0          0          0          0          0   libinit.o
        18          0          0          0          0          0   libinit2.o
         2          0          0          0          0          0   libshutdown.o
         2          0          0          0          0          0   libshutdown2.o
         8          4          0          0         96         68   libspace.o
       138          0          0          0          0         80   lludiv10.o
        24          4          0          0          0         84   noretval__2printf.o
         8          4          0          0          0         68   rt_locale_intlibspace.o
         0          0          0          0          0          0   rtentry.o
        12          0          0          0          0          0   rtentry2.o
         6          0          0          0          0          0   rtentry4.o
         2          0          0          0          0          0   rtexit.o
        10          0          0          0          0          0   rtexit2.o
       128          0          0          0          0         68   strcmpv7m.o
        74          0          0          0          0         80   sys_stackheap_outer.o
         2          0          0          0          0         68   use_no_semi.o
         2          0          0          0          0         68   use_no_semi_2.o
       804         16          0          0          0        280   daddsub_clz.o
       688        140          0          0          0        212   ddiv.o
        90          4          0          0          0         92   dfixu.o
        84          0          0          0          0        136   dflt_clz.o
       340         12          0          0          0        104   dmul.o
       156          4          0          0          0         92   dnaninf.o
        12          0          0          0          0         68   dretinf.o
         4          0          0          0          0         68   printf1.o
         0          0          0          0          0          0   usenofp.o
        40          0          0          0          0         68   fpclassify.o

    ----------------------------------------------------------------------
      6864        384        176          0         96       3716   Library Totals
        14          0          0          0          0          0   (incl. Padding)

    ----------------------------------------------------------------------

      Code (inc. data)   RO Data    RW Data    ZI Data      Debug   Library Name

      4632        208        176          0         96       2596   c_w.l
      2178        176          0          0          0       1052   fz_ws.l
        40          0          0          0          0         68   m_ws.l

    ----------------------------------------------------------------------
      6864        384        176          0         96       3716   Library Totals

    ----------------------------------------------------------------------

==============================================================================


      Code (inc. data)   RO Data    RW Data    ZI Data      Debug   

     15756        848        524         76       1956     307247   Grand Totals
     15756        848        524         76       1956     307247   ELF Image Totals
     15756        848        524         76          0          0   ROM Totals

==============================================================================

    Total RO  Size (Code + RO Data)                16280 (  15.90kB)
    Total RW  Size (RW Data + ZI Data)              2032 (   1.98kB)
    Total ROM Size (Code + RO Data + RW Data)      16356 (  15.97kB)

==============================================================================

